timing  trees=1 depth=2 feat=sqrt  nodes=   2 acc=99.9996% f1=99.9983% fp=     0 fn=     6
timing  trees=1 depth=2 feat=None  nodes=   1 acc=100.0000% f1=100.0000% fp=     0 fn=     0
timing  trees=1 depth=3 feat=sqrt  nodes=   3 acc=99.9996% f1=99.9983% fp=     0 fn=     6
timing  trees=1 depth=3 feat=None  nodes=   1 acc=100.0000% f1=100.0000% fp=     0 fn=     0
timing  trees=1 depth=4 feat=sqrt  nodes=   3 acc=99.9996% f1=99.9983% fp=     0 fn=     6
timing  trees=1 depth=4 feat=None  nodes=   1 acc=100.0000% f1=100.0000% fp=     0 fn=     0
timing  trees=1 depth=5 feat=sqrt  nodes=   3 acc=99.9996% f1=99.9983% fp=     0 fn=     6
timing  trees=1 depth=5 feat=None  nodes=   1 acc=100.0000% f1=100.0000% fp=     0 fn=     0
timing  trees=1 depth=6 feat=sqrt  nodes=   3 acc=99.9996% f1=99.9983% fp=     0 fn=     6
timing  trees=1 depth=6 feat=None  nodes=   1 acc=100.0000% f1=100.0000% fp=     0 fn=     0
timing  trees=1 depth=8 feat=sqrt  nodes=   3 acc=99.9996% f1=99.9983% fp=     0 fn=     6
timing  trees=1 depth=8 feat=None  nodes=   1 acc=100.0000% f1=100.0000% fp=     0 fn=     0
timing  trees=3 depth=2 feat=sqrt  nodes=   6 acc=99.9999% f1=99.9997% fp=     0 fn=     1
timing  trees=3 depth=2 feat=None  nodes=   3 acc=100.0000% f1=100.0000% fp=     0 fn=     0
timing  trees=3 depth=3 feat=sqrt  nodes=   8 acc=99.9999% f1=99.9997% fp=     0 fn=     1
timing  trees=3 depth=3 feat=None  nodes=   3 acc=100.0000% f1=100.0000% fp=     0 fn=     0
timing  trees=3 depth=4 feat=sqrt  nodes=   8 acc=99.9999% f1=99.9997% fp=     0 fn=     1
timing  trees=3 depth=4 feat=None  nodes=   3 acc=100.0000% f1=100.0000% fp=     0 fn=     0
timing  trees=3 depth=5 feat=sqrt  nodes=   8 acc=99.9999% f1=99.9997% fp=     0 fn=     1
timing  trees=3 depth=5 feat=None  nodes=   3 acc=100.0000% f1=100.0000% fp=     0 fn=     0
timing  trees=3 depth=6 feat=sqrt  nodes=   8 acc=99.9999% f1=99.9997% fp=     0 fn=     1
timing  trees=3 depth=6 feat=None  nodes=   3 acc=100.0000% f1=100.0000% fp=     0 fn=     0
timing  trees=3 depth=8 feat=sqrt  nodes=   8 acc=99.9999% f1=99.9997% fp=     0 fn=     1
timing  trees=3 depth=8 feat=None  nodes=   3 acc=100.0000% f1=100.0000% fp=     0 fn=     0
timing  trees=5 depth=2 feat=sqrt  nodes=  11 acc=99.9999% f1=99.9997% fp=     0 fn=     1
timing  trees=5 depth=2 feat=None  nodes=   5 acc=100.0000% f1=100.0000% fp=     0 fn=     0
timing  trees=5 depth=3 feat=sqrt  nodes=  16 acc=99.9999% f1=99.9997% fp=     0 fn=     1
timing  trees=5 depth=3 feat=None  nodes=   5 acc=100.0000% f1=100.0000% fp=     0 fn=     0
timing  trees=5 depth=4 feat=sqrt  nodes=  18 acc=99.9999% f1=99.9997% fp=     0 fn=     1
timing  trees=5 depth=4 feat=None  nodes=   5 acc=100.0000% f1=100.0000% fp=     0 fn=     0
timing  trees=5 depth=5 feat=sqrt  nodes=  18 acc=99.9999% f1=99.9997% fp=     0 fn=     1
timing  trees=5 depth=5 feat=None  nodes=   5 acc=100.0000% f1=100.0000% fp=     0 fn=     0
timing  trees=5 depth=6 feat=sqrt  nodes=  18 acc=99.9999% f1=99.9997% fp=     0 fn=     1
timing  trees=5 depth=6 feat=None  nodes=   5 acc=100.0000% f1=100.0000% fp=     0 fn=     0
timing  trees=5 depth=8 feat=sqrt  nodes=  18 acc=99.9999% f1=99.9997% fp=     0 fn=     1
timing  trees=5 depth=8 feat=None  nodes=   5 acc=100.0000% f1=100.0000% fp=     0 fn=     0
timing  trees=7 depth=2 feat=sqrt  nodes=  15 acc=99.9999% f1=99.9997% fp=     0 fn=     1
timing  trees=7 depth=2 feat=None  nodes=   7 acc=100.0000% f1=100.0000% fp=     0 fn=     0
timing  trees=7 depth=3 feat=sqrt  nodes=  22 acc=100.0000% f1=100.0000% fp=     0 fn=     0
timing  trees=7 depth=3 feat=None  nodes=   7 acc=100.0000% f1=100.0000% fp=     0 fn=     0
timing  trees=7 depth=4 feat=sqrt  nodes=  24 acc=99.9999% f1=99.9997% fp=     0 fn=     1
timing  trees=7 depth=4 feat=None  nodes=   7 acc=100.0000% f1=100.0000% fp=     0 fn=     0
timing  trees=7 depth=5 feat=sqrt  nodes=  24 acc=99.9999% f1=99.9997% fp=     0 fn=     1
timing  trees=7 depth=5 feat=None  nodes=   7 acc=100.0000% f1=100.0000% fp=     0 fn=     0
timing  trees=7 depth=6 feat=sqrt  nodes=  24 acc=99.9999% f1=99.9997% fp=     0 fn=     1
timing  trees=7 depth=6 feat=None  nodes=   7 acc=100.0000% f1=100.0000% fp=     0 fn=     0
timing  trees=7 depth=8 feat=sqrt  nodes=  24 acc=99.9999% f1=99.9997% fp=     0 fn=     1
timing  trees=7 depth=8 feat=None  nodes=   7 acc=100.0000% f1=100.0000% fp=     0 fn=     0
timing  trees=9 depth=2 feat=sqrt  nodes=  21 acc=99.9999% f1=99.9997% fp=     0 fn=     1
timing  trees=9 depth=2 feat=None  nodes=   9 acc=100.0000% f1=100.0000% fp=     0 fn=     0
timing  trees=9 depth=3 feat=sqrt  nodes=  32 acc=99.9999% f1=99.9997% fp=     0 fn=     1
timing  trees=9 depth=3 feat=None  nodes=   9 acc=100.0000% f1=100.0000% fp=     0 fn=     0
timing  trees=9 depth=4 feat=sqrt  nodes=  36 acc=99.9999% f1=99.9997% fp=     0 fn=     1
timing  trees=9 depth=4 feat=None  nodes=   9 acc=100.0000% f1=100.0000% fp=     0 fn=     0
timing  trees=9 depth=5 feat=sqrt  nodes=  37 acc=99.9999% f1=99.9997% fp=     0 fn=     1
timing  trees=9 depth=5 feat=None  nodes=   9 acc=100.0000% f1=100.0000% fp=     0 fn=     0
timing  trees=9 depth=6 feat=sqrt  nodes=  37 acc=99.9999% f1=99.9997% fp=     0 fn=     1
timing  trees=9 depth=6 feat=None  nodes=   9 acc=100.0000% f1=100.0000% fp=     0 fn=     0
timing  trees=9 depth=8 feat=sqrt  nodes=  37 acc=99.9999% f1=99.9997% fp=     0 fn=     1
timing  trees=9 depth=8 feat=None  nodes=   9 acc=100.0000% f1=100.0000% fp=     0 fn=     0
no_rate trees=1 depth=2 feat=sqrt  nodes=   2 acc=100.0000% f1=100.0000% fp=     0 fn=     0
no_rate trees=1 depth=2 feat=None  nodes=   1 acc=100.0000% f1=100.0000% fp=     0 fn=     0
no_rate trees=1 depth=3 feat=sqrt  nodes=   2 acc=100.0000% f1=100.0000% fp=     0 fn=     0
no_rate trees=1 depth=3 feat=None  nodes=   1 acc=100.0000% f1=100.0000% fp=     0 fn=     0
no_rate trees=1 depth=4 feat=sqrt  nodes=   2 acc=100.0000% f1=100.0000% fp=     0 fn=     0
no_rate trees=1 depth=4 feat=None  nodes=   1 acc=100.0000% f1=100.0000% fp=     0 fn=     0
no_rate trees=1 depth=5 feat=sqrt  nodes=   2 acc=100.0000% f1=100.0000% fp=     0 fn=     0
no_rate trees=1 depth=5 feat=None  nodes=   1 acc=100.0000% f1=100.0000% fp=     0 fn=     0
no_rate trees=1 depth=6 feat=sqrt  nodes=   2 acc=100.0000% f1=100.0000% fp=     0 fn=     0
no_rate trees=1 depth=6 feat=None  nodes=   1 acc=100.0000% f1=100.0000% fp=     0 fn=     0
no_rate trees=1 depth=8 feat=sqrt  nodes=   2 acc=100.0000% f1=100.0000% fp=     0 fn=     0
no_rate trees=1 depth=8 feat=None  nodes=   1 acc=100.0000% f1=100.0000% fp=     0 fn=     0
no_rate trees=3 depth=2 feat=sqrt  nodes=   7 acc=100.0000% f1=100.0000% fp=     0 fn=     0
no_rate trees=3 depth=2 feat=None  nodes=   3 acc=100.0000% f1=100.0000% fp=     0 fn=     0
no_rate trees=3 depth=3 feat=sqrt  nodes=   9 acc=100.0000% f1=100.0000% fp=     0 fn=     0
no_rate trees=3 depth=3 feat=None  nodes=   3 acc=100.0000% f1=100.0000% fp=     0 fn=     0
no_rate trees=3 depth=4 feat=sqrt  nodes=   9 acc=100.0000% f1=100.0000% fp=     0 fn=     0
no_rate trees=3 depth=4 feat=None  nodes=   3 acc=100.0000% f1=100.0000% fp=     0 fn=     0
no_rate trees=3 depth=5 feat=sqrt  nodes=   9 acc=100.0000% f1=100.0000% fp=     0 fn=     0
no_rate trees=3 depth=5 feat=None  nodes=   3 acc=100.0000% f1=100.0000% fp=     0 fn=     0
no_rate trees=3 depth=6 feat=sqrt  nodes=   9 acc=100.0000% f1=100.0000% fp=     0 fn=     0
no_rate trees=3 depth=6 feat=None  nodes=   3 acc=100.0000% f1=100.0000% fp=     0 fn=     0
no_rate trees=3 depth=8 feat=sqrt  nodes=   9 acc=100.0000% f1=100.0000% fp=     0 fn=     0
no_rate trees=3 depth=8 feat=None  nodes=   3 acc=100.0000% f1=100.0000% fp=     0 fn=     0
no_rate trees=5 depth=2 feat=sqrt  nodes=  12 acc=100.0000% f1=100.0000% fp=     0 fn=     0
no_rate trees=5 depth=2 feat=None  nodes=   5 acc=100.0000% f1=100.0000% fp=     0 fn=     0
no_rate trees=5 depth=3 feat=sqrt  nodes=  17 acc=100.0000% f1=100.0000% fp=     0 fn=     0
no_rate trees=5 depth=3 feat=None  nodes=   5 acc=100.0000% f1=100.0000% fp=     0 fn=     0
no_rate trees=5 depth=4 feat=sqrt  nodes=  17 acc=100.0000% f1=100.0000% fp=     0 fn=     0
no_rate trees=5 depth=4 feat=None  nodes=   5 acc=100.0000% f1=100.0000% fp=     0 fn=     0
no_rate trees=5 depth=5 feat=sqrt  nodes=  17 acc=100.0000% f1=100.0000% fp=     0 fn=     0
no_rate trees=5 depth=5 feat=None  nodes=   5 acc=100.0000% f1=100.0000% fp=     0 fn=     0
no_rate trees=5 depth=6 feat=sqrt  nodes=  17 acc=100.0000% f1=100.0000% fp=     0 fn=     0
no_rate trees=5 depth=6 feat=None  nodes=   5 acc=100.0000% f1=100.0000% fp=     0 fn=     0
no_rate trees=5 depth=8 feat=sqrt  nodes=  17 acc=100.0000% f1=100.0000% fp=     0 fn=     0
no_rate trees=5 depth=8 feat=None  nodes=   5 acc=100.0000% f1=100.0000% fp=     0 fn=     0
no_rate trees=7 depth=2 feat=sqrt  nodes=  17 acc=100.0000% f1=100.0000% fp=     0 fn=     0
no_rate trees=7 depth=2 feat=None  nodes=   7 acc=100.0000% f1=100.0000% fp=     0 fn=     0
no_rate trees=7 depth=3 feat=sqrt  nodes=  23 acc=100.0000% f1=100.0000% fp=     0 fn=     0
no_rate trees=7 depth=3 feat=None  nodes=   7 acc=100.0000% f1=100.0000% fp=     0 fn=     0
no_rate trees=7 depth=4 feat=sqrt  nodes=  23 acc=100.0000% f1=100.0000% fp=     0 fn=     0
no_rate trees=7 depth=4 feat=None  nodes=   7 acc=100.0000% f1=100.0000% fp=     0 fn=     0
no_rate trees=7 depth=5 feat=sqrt  nodes=  23 acc=100.0000% f1=100.0000% fp=     0 fn=     0
no_rate trees=7 depth=5 feat=None  nodes=   7 acc=100.0000% f1=100.0000% fp=     0 fn=     0
no_rate trees=7 depth=6 feat=sqrt  nodes=  23 acc=100.0000% f1=100.0000% fp=     0 fn=     0
no_rate trees=7 depth=6 feat=None  nodes=   7 acc=100.0000% f1=100.0000% fp=     0 fn=     0
no_rate trees=7 depth=8 feat=sqrt  nodes=  23 acc=100.0000% f1=100.0000% fp=     0 fn=     0
no_rate trees=7 depth=8 feat=None  nodes=   7 acc=100.0000% f1=100.0000% fp=     0 fn=     0
no_rate trees=9 depth=2 feat=sqrt  nodes=  20 acc=100.0000% f1=100.0000% fp=     0 fn=     0
no_rate trees=9 depth=2 feat=None  nodes=   9 acc=100.0000% f1=100.0000% fp=     0 fn=     0
no_rate trees=9 depth=3 feat=sqrt  nodes=  27 acc=100.0000% f1=100.0000% fp=     0 fn=     0
no_rate trees=9 depth=3 feat=None  nodes=   9 acc=100.0000% f1=100.0000% fp=     0 fn=     0
no_rate trees=9 depth=4 feat=sqrt  nodes=  27 acc=100.0000% f1=100.0000% fp=     0 fn=     0
no_rate trees=9 depth=4 feat=None  nodes=   9 acc=100.0000% f1=100.0000% fp=     0 fn=     0
no_rate trees=9 depth=5 feat=sqrt  nodes=  27 acc=100.0000% f1=100.0000% fp=     0 fn=     0
no_rate trees=9 depth=5 feat=None  nodes=   9 acc=100.0000% f1=100.0000% fp=     0 fn=     0
no_rate trees=9 depth=6 feat=sqrt  nodes=  27 acc=100.0000% f1=100.0000% fp=     0 fn=     0
no_rate trees=9 depth=6 feat=None  nodes=   9 acc=100.0000% f1=100.0000% fp=     0 fn=     0
no_rate trees=9 depth=8 feat=sqrt  nodes=  27 acc=100.0000% f1=100.0000% fp=     0 fn=     0
no_rate trees=9 depth=8 feat=None  nodes=   9 acc=100.0000% f1=100.0000% fp=     0 fn=     0
timing_only trees=1 depth=2 feat=sqrt  nodes=   3 acc=99.3551% f1=97.5319% fp=  6557 fn=  2448
timing_only trees=1 depth=2 feat=None  nodes=   1 acc=100.0000% f1=100.0000% fp=     0 fn=     0
timing_only trees=1 depth=3 feat=sqrt  nodes=   5 acc=99.8250% f1=99.3182% fp=     0 fn=  2443
timing_only trees=1 depth=3 feat=None  nodes=   1 acc=100.0000% f1=100.0000% fp=     0 fn=     0
timing_only trees=1 depth=4 feat=sqrt  nodes=   7 acc=99.9999% f1=99.9997% fp=     0 fn=     1
timing_only trees=1 depth=4 feat=None  nodes=   1 acc=100.0000% f1=100.0000% fp=     0 fn=     0
timing_only trees=1 depth=5 feat=sqrt  nodes=   7 acc=99.9999% f1=99.9997% fp=     0 fn=     1
timing_only trees=1 depth=5 feat=None  nodes=   1 acc=100.0000% f1=100.0000% fp=     0 fn=     0
timing_only trees=1 depth=6 feat=sqrt  nodes=   8 acc=99.9999% f1=99.9997% fp=     0 fn=     1
timing_only trees=1 depth=6 feat=None  nodes=   1 acc=100.0000% f1=100.0000% fp=     0 fn=     0
timing_only trees=1 depth=8 feat=sqrt  nodes=   8 acc=99.9999% f1=99.9997% fp=     0 fn=     1
timing_only trees=1 depth=8 feat=None  nodes=   1 acc=100.0000% f1=100.0000% fp=     0 fn=     0
timing_only trees=3 depth=2 feat=sqrt  nodes=   9 acc=99.3185% f1=97.3956% fp=  7073 fn=  2443
timing_only trees=3 depth=2 feat=None  nodes=   3 acc=100.0000% f1=100.0000% fp=     0 fn=     0
timing_only trees=3 depth=3 feat=sqrt  nodes=  16 acc=99.8250% f1=99.3182% fp=     0 fn=  2443
timing_only trees=3 depth=3 feat=None  nodes=   3 acc=100.0000% f1=100.0000% fp=     0 fn=     0
timing_only trees=3 depth=4 feat=sqrt  nodes=  24 acc=99.9999% f1=99.9997% fp=     0 fn=     1
timing_only trees=3 depth=4 feat=None  nodes=   3 acc=100.0000% f1=100.0000% fp=     0 fn=     0
timing_only trees=3 depth=5 feat=sqrt  nodes=  27 acc=99.9999% f1=99.9997% fp=     0 fn=     1
timing_only trees=3 depth=5 feat=None  nodes=   3 acc=100.0000% f1=100.0000% fp=     0 fn=     0
timing_only trees=3 depth=6 feat=sqrt  nodes=  28 acc=99.9999% f1=99.9997% fp=     0 fn=     1
timing_only trees=3 depth=6 feat=None  nodes=   3 acc=100.0000% f1=100.0000% fp=     0 fn=     0
timing_only trees=3 depth=8 feat=sqrt  nodes=  28 acc=99.9999% f1=99.9997% fp=     0 fn=     1
timing_only trees=3 depth=8 feat=None  nodes=   3 acc=100.0000% f1=100.0000% fp=     0 fn=     0
timing_only trees=5 depth=2 feat=sqrt  nodes=  15 acc=99.3540% f1=97.5280% fp=  6577 fn=  2443
timing_only trees=5 depth=2 feat=None  nodes=   5 acc=100.0000% f1=100.0000% fp=     0 fn=     0
timing_only trees=5 depth=3 feat=sqrt  nodes=  26 acc=99.8250% f1=99.3182% fp=     0 fn=  2443
timing_only trees=5 depth=3 feat=None  nodes=   5 acc=100.0000% f1=100.0000% fp=     0 fn=     0
timing_only trees=5 depth=4 feat=sqrt  nodes=  38 acc=99.9999% f1=99.9997% fp=     0 fn=     1
timing_only trees=5 depth=4 feat=None  nodes=   5 acc=100.0000% f1=100.0000% fp=     0 fn=     0
timing_only trees=5 depth=5 feat=sqrt  nodes=  41 acc=99.9996% f1=99.9983% fp=     0 fn=     6
timing_only trees=5 depth=5 feat=None  nodes=   5 acc=100.0000% f1=100.0000% fp=     0 fn=     0
timing_only trees=5 depth=6 feat=sqrt  nodes=  47 acc=99.9995% f1=99.9981% fp=     0 fn=     7
timing_only trees=5 depth=6 feat=None  nodes=   5 acc=100.0000% f1=100.0000% fp=     0 fn=     0
timing_only trees=5 depth=8 feat=sqrt  nodes=  47 acc=99.9995% f1=99.9981% fp=     0 fn=     7
timing_only trees=5 depth=8 feat=None  nodes=   5 acc=100.0000% f1=100.0000% fp=     0 fn=     0
timing_only trees=7 depth=2 feat=sqrt  nodes=  21 acc=99.3554% f1=97.5333% fp=  6557 fn=  2443
timing_only trees=7 depth=2 feat=None  nodes=   7 acc=100.0000% f1=100.0000% fp=     0 fn=     0
timing_only trees=7 depth=3 feat=sqrt  nodes=  36 acc=99.8250% f1=99.3182% fp=     0 fn=  2443
timing_only trees=7 depth=3 feat=None  nodes=   7 acc=100.0000% f1=100.0000% fp=     0 fn=     0
timing_only trees=7 depth=4 feat=sqrt  nodes=  56 acc=100.0000% f1=100.0000% fp=     0 fn=     0
timing_only trees=7 depth=4 feat=None  nodes=   7 acc=100.0000% f1=100.0000% fp=     0 fn=     0
timing_only trees=7 depth=5 feat=sqrt  nodes=  63 acc=99.9997% f1=99.9989% fp=     0 fn=     4
timing_only trees=7 depth=5 feat=None  nodes=   7 acc=100.0000% f1=100.0000% fp=     0 fn=     0
timing_only trees=7 depth=6 feat=sqrt  nodes=  82 acc=99.9996% f1=99.9986% fp=     0 fn=     5
timing_only trees=7 depth=6 feat=None  nodes=   7 acc=100.0000% f1=100.0000% fp=     0 fn=     0
timing_only trees=7 depth=8 feat=sqrt  nodes=  81 acc=99.9997% f1=99.9989% fp=     0 fn=     4
timing_only trees=7 depth=8 feat=None  nodes=   7 acc=100.0000% f1=100.0000% fp=     0 fn=     0
timing_only trees=9 depth=2 feat=sqrt  nodes=  24 acc=99.6128% f1=98.5036% fp=  2963 fn=  2443
timing_only trees=9 depth=2 feat=None  nodes=   9 acc=100.0000% f1=100.0000% fp=     0 fn=     0
timing_only trees=9 depth=3 feat=sqrt  nodes=  40 acc=99.9999% f1=99.9997% fp=     0 fn=     1
timing_only trees=9 depth=3 feat=None  nodes=   9 acc=100.0000% f1=100.0000% fp=     0 fn=     0
timing_only trees=9 depth=4 feat=sqrt  nodes=  61 acc=100.0000% f1=100.0000% fp=     0 fn=     0
timing_only trees=9 depth=4 feat=None  nodes=   9 acc=100.0000% f1=100.0000% fp=     0 fn=     0
timing_only trees=9 depth=5 feat=sqrt  nodes=  69 acc=99.9997% f1=99.9989% fp=     0 fn=     4
timing_only trees=9 depth=5 feat=None  nodes=   9 acc=100.0000% f1=100.0000% fp=     0 fn=     0
timing_only trees=9 depth=6 feat=sqrt  nodes=  89 acc=99.9996% f1=99.9986% fp=     0 fn=     5
timing_only trees=9 depth=6 feat=None  nodes=   9 acc=100.0000% f1=100.0000% fp=     0 fn=     0
timing_only trees=9 depth=8 feat=sqrt  nodes=  88 acc=99.9997% f1=99.9989% fp=     0 fn=     4
timing_only trees=9 depth=8 feat=None  nodes=   9 acc=100.0000% f1=100.0000% fp=     0 fn=     0
paper   trees=1 depth=2 feat=sqrt  nodes=   3 acc=92.1349% f1=74.4347% fp= 89325 fn= 20497
paper   trees=1 depth=2 feat=None  nodes=   3 acc=98.4331% f1=93.5957% fp=  1382 fn= 20497
paper   trees=1 depth=3 feat=sqrt  nodes=   5 acc=98.4635% f1=93.7123% fp=   957 fn= 20497
paper   trees=1 depth=3 feat=None  nodes=   6 acc=98.8165% f1=95.2581% fp=  2133 fn= 14392
paper   trees=1 depth=4 feat=sqrt  nodes=   8 acc=98.8344% f1=95.3262% fp=  1884 fn= 14392
paper   trees=1 depth=4 feat=None  nodes=  11 acc=98.8596% f1=95.4387% fp=  2133 fn= 13790
paper   trees=1 depth=5 feat=sqrt  nodes=  16 acc=98.8596% f1=95.4387% fp=  2133 fn= 13790
paper   trees=1 depth=5 feat=None  nodes=  18 acc=98.8648% f1=95.4614% fp=  2177 fn= 13674
paper   trees=1 depth=6 feat=sqrt  nodes=  19 acc=98.8652% f1=95.4629% fp=  2178 fn= 13668
paper   trees=1 depth=6 feat=None  nodes=  26 acc=98.8710% f1=95.4850% fp=  2084 fn= 13680
paper   trees=1 depth=8 feat=sqrt  nodes=  30 acc=99.0070% f1=96.0751% fp=  3201 fn= 10665
paper   trees=1 depth=8 feat=None  nodes=  38 acc=99.0140% f1=96.1014% fp=  3072 fn= 10695
paper   trees=3 depth=2 feat=sqrt  nodes=   7 acc=92.1349% f1=74.4347% fp= 89325 fn= 20497
paper   trees=3 depth=2 feat=None  nodes=   9 acc=98.4331% f1=93.5957% fp=  1382 fn= 20497
paper   trees=3 depth=3 feat=sqrt  nodes=  13 acc=98.4635% f1=93.7123% fp=   957 fn= 20497
paper   trees=3 depth=3 feat=None  nodes=  18 acc=98.8165% f1=95.2581% fp=  2133 fn= 14392
paper   trees=3 depth=4 feat=sqrt  nodes=  22 acc=98.8344% f1=95.3262% fp=  1884 fn= 14392
paper   trees=3 depth=4 feat=None  nodes=  33 acc=98.8596% f1=95.4387% fp=  2133 fn= 13790
paper   trees=3 depth=5 feat=sqrt  nodes=  40 acc=98.8629% f1=95.4510% fp=  2088 fn= 13790
paper   trees=3 depth=5 feat=None  nodes=  54 acc=98.8648% f1=95.4614% fp=  2177 fn= 13674
paper   trees=3 depth=6 feat=sqrt  nodes=  54 acc=98.8652% f1=95.4629% fp=  2178 fn= 13668
paper   trees=3 depth=6 feat=None  nodes=  77 acc=98.8710% f1=95.4850% fp=  2084 fn= 13680
paper   trees=3 depth=8 feat=sqrt  nodes=  90 acc=99.0070% f1=96.0751% fp=  3201 fn= 10665
paper   trees=3 depth=8 feat=None  nodes= 115 acc=99.0140% f1=96.1014% fp=  3072 fn= 10695
paper   trees=5 depth=2 feat=sqrt  nodes=  12 acc=92.1349% f1=74.4347% fp= 89325 fn= 20497
paper   trees=5 depth=2 feat=None  nodes=  15 acc=98.4331% f1=93.5957% fp=  1382 fn= 20497
paper   trees=5 depth=3 feat=sqrt  nodes=  23 acc=98.4635% f1=93.7123% fp=   957 fn= 20497
paper   trees=5 depth=3 feat=None  nodes=  30 acc=98.8165% f1=95.2581% fp=  2133 fn= 14392
paper   trees=5 depth=4 feat=sqrt  nodes=  37 acc=98.8344% f1=95.3262% fp=  1884 fn= 14392
paper   trees=5 depth=4 feat=None  nodes=  55 acc=98.8438% f1=95.3726% fp=  2137 fn= 14007
paper   trees=5 depth=5 feat=sqrt  nodes=  67 acc=98.8489% f1=95.3920% fp=  2066 fn= 14007
paper   trees=5 depth=5 feat=None  nodes=  90 acc=98.8483% f1=95.3927% fp=  2184 fn= 13897
paper   trees=5 depth=6 feat=sqrt  nodes=  93 acc=98.8498% f1=95.3983% fp=  2170 fn= 13891
paper   trees=5 depth=6 feat=None  nodes= 129 acc=98.8546% f1=95.4163% fp=  2091 fn= 13903
paper   trees=5 depth=8 feat=sqrt  nodes= 153 acc=98.9762% f1=95.9444% fp=  3024 fn= 11272
paper   trees=5 depth=8 feat=None  nodes= 196 acc=98.9937% f1=96.0172% fp=  3049 fn= 11002
paper   trees=7 depth=2 feat=sqrt  nodes=  16 acc=92.1349% f1=74.4347% fp= 89325 fn= 20497
paper   trees=7 depth=2 feat=None  nodes=  21 acc=98.4331% f1=93.5957% fp=  1382 fn= 20497
paper   trees=7 depth=3 feat=sqrt  nodes=  31 acc=98.4635% f1=93.7123% fp=   957 fn= 20497
paper   trees=7 depth=3 feat=None  nodes=  42 acc=98.8165% f1=95.2581% fp=  2133 fn= 14392
paper   trees=7 depth=4 feat=sqrt  nodes=  51 acc=98.8344% f1=95.3262% fp=  1884 fn= 14392
paper   trees=7 depth=4 feat=None  nodes=  77 acc=98.8438% f1=95.3726% fp=  2137 fn= 14007
paper   trees=7 depth=5 feat=sqrt  nodes=  91 acc=98.8489% f1=95.3920% fp=  2066 fn= 14007
paper   trees=7 depth=5 feat=None  nodes= 126 acc=98.8483% f1=95.3927% fp=  2184 fn= 13897
paper   trees=7 depth=6 feat=sqrt  nodes= 129 acc=98.8498% f1=95.3983% fp=  2170 fn= 13891
paper   trees=7 depth=6 feat=None  nodes= 181 acc=98.8546% f1=95.4163% fp=  2091 fn= 13903
paper   trees=7 depth=8 feat=sqrt  nodes= 213 acc=98.9762% f1=95.9444% fp=  3024 fn= 11272
paper   trees=7 depth=8 feat=None  nodes= 276 acc=98.9937% f1=96.0172% fp=  3049 fn= 11002
paper   trees=9 depth=2 feat=sqrt  nodes=  21 acc=92.1349% f1=74.4347% fp= 89325 fn= 20497
paper   trees=9 depth=2 feat=None  nodes=  27 acc=98.4331% f1=93.5957% fp=  1382 fn= 20497
paper   trees=9 depth=3 feat=sqrt  nodes=  41 acc=98.4635% f1=93.7123% fp=   957 fn= 20497
paper   trees=9 depth=3 feat=None  nodes=  54 acc=98.8165% f1=95.2581% fp=  2133 fn= 14392
paper   trees=9 depth=4 feat=sqrt  nodes=  67 acc=98.8344% f1=95.3262% fp=  1884 fn= 14392
paper   trees=9 depth=4 feat=None  nodes=  99 acc=98.8438% f1=95.3726% fp=  2137 fn= 14007
paper   trees=9 depth=5 feat=sqrt  nodes= 116 acc=98.8489% f1=95.3920% fp=  2066 fn= 14007
paper   trees=9 depth=5 feat=None  nodes= 162 acc=98.8483% f1=95.3927% fp=  2184 fn= 13897
paper   trees=9 depth=6 feat=sqrt  nodes= 165 acc=98.8498% f1=95.3983% fp=  2170 fn= 13891
paper   trees=9 depth=6 feat=None  nodes= 233 acc=98.8546% f1=95.4163% fp=  2091 fn= 13903
paper   trees=9 depth=8 feat=sqrt  nodes= 274 acc=98.9762% f1=95.9444% fp=  3024 fn= 11272
paper   trees=9 depth=8 feat=None  nodes= 357 acc=98.9937% f1=96.0172% fp=  3049 fn= 11002

wrote results/dos/sweep.csv  (240 configurations)

smallest configuration reaching each accuracy target:
  >=  98.0000%  timing  trees=1 depth=1 nodes=   1 acc=100.0000% fp=0 fn=0
  >=  99.0000%  timing  trees=1 depth=1 nodes=   1 acc=100.0000% fp=0 fn=0
  >=  99.5000%  timing  trees=1 depth=1 nodes=   1 acc=100.0000% fp=0 fn=0
  >=  99.9000%  timing  trees=1 depth=1 nodes=   1 acc=100.0000% fp=0 fn=0
  >=  99.9900%  timing  trees=1 depth=1 nodes=   1 acc=100.0000% fp=0 fn=0
  >= 100.0000%  timing  trees=1 depth=1 nodes=   1 acc=100.0000% fp=0 fn=0
