timing  trees=1 depth=2 feat=sqrt  nodes=   3 acc=99.5384% f1=98.7181% fp=  2423 fn=     4
timing  trees=1 depth=2 feat=None  nodes=   3 acc=99.5384% f1=98.7181% fp=  2423 fn=     4
timing  trees=1 depth=3 feat=sqrt  nodes=   6 acc=99.5384% f1=98.7181% fp=  2423 fn=     4
timing  trees=1 depth=3 feat=None  nodes=   6 acc=99.5384% f1=98.7181% fp=  2423 fn=     4
timing  trees=1 depth=4 feat=sqrt  nodes=   9 acc=99.5384% f1=98.7181% fp=  2423 fn=     4
timing  trees=1 depth=4 feat=None  nodes=  10 acc=99.5384% f1=98.7181% fp=  2423 fn=     4
timing  trees=1 depth=5 feat=sqrt  nodes=  18 acc=99.5331% f1=98.7035% fp=  2451 fn=     4
timing  trees=1 depth=5 feat=None  nodes=  15 acc=99.5384% f1=98.7181% fp=  2423 fn=     4
timing  trees=1 depth=6 feat=sqrt  nodes=  24 acc=99.5331% f1=98.7035% fp=  2451 fn=     4
timing  trees=1 depth=6 feat=None  nodes=  24 acc=99.5384% f1=98.7181% fp=  2423 fn=     4
timing  trees=1 depth=8 feat=sqrt  nodes=  45 acc=99.5384% f1=98.7181% fp=  2423 fn=     4
timing  trees=1 depth=8 feat=None  nodes=  63 acc=99.5384% f1=98.7181% fp=  2423 fn=     4
timing  trees=3 depth=2 feat=sqrt  nodes=   7 acc=99.5386% f1=98.7186% fp=  2421 fn=     5
timing  trees=3 depth=2 feat=None  nodes=   9 acc=99.5386% f1=98.7186% fp=  2421 fn=     5
timing  trees=3 depth=3 feat=sqrt  nodes=  14 acc=99.5386% f1=98.7186% fp=  2421 fn=     5
timing  trees=3 depth=3 feat=None  nodes=  20 acc=99.5386% f1=98.7186% fp=  2421 fn=     5
timing  trees=3 depth=4 feat=sqrt  nodes=  22 acc=99.5386% f1=98.7186% fp=  2421 fn=     5
timing  trees=3 depth=4 feat=None  nodes=  32 acc=99.5386% f1=98.7186% fp=  2421 fn=     5
timing  trees=3 depth=5 feat=sqrt  nodes=  39 acc=99.5386% f1=98.7186% fp=  2421 fn=     5
timing  trees=3 depth=5 feat=None  nodes=  49 acc=99.5386% f1=98.7186% fp=  2421 fn=     5
timing  trees=3 depth=6 feat=sqrt  nodes=  54 acc=99.5386% f1=98.7186% fp=  2421 fn=     5
timing  trees=3 depth=6 feat=None  nodes=  80 acc=99.5386% f1=98.7186% fp=  2421 fn=     5
timing  trees=3 depth=8 feat=sqrt  nodes= 119 acc=99.5386% f1=98.7186% fp=  2421 fn=     5
timing  trees=3 depth=8 feat=None  nodes= 207 acc=99.5386% f1=98.7186% fp=  2421 fn=     5
timing  trees=5 depth=2 feat=sqrt  nodes=  13 acc=99.5386% f1=98.7186% fp=  2421 fn=     5
timing  trees=5 depth=2 feat=None  nodes=  15 acc=99.5386% f1=98.7186% fp=  2421 fn=     5
timing  trees=5 depth=3 feat=sqrt  nodes=  24 acc=99.5386% f1=98.7186% fp=  2421 fn=     5
timing  trees=5 depth=3 feat=None  nodes=  32 acc=99.5386% f1=98.7186% fp=  2421 fn=     5
timing  trees=5 depth=4 feat=sqrt  nodes=  38 acc=99.5386% f1=98.7186% fp=  2421 fn=     5
timing  trees=5 depth=4 feat=None  nodes=  52 acc=99.5386% f1=98.7186% fp=  2421 fn=     5
timing  trees=5 depth=5 feat=sqrt  nodes=  70 acc=99.5386% f1=98.7186% fp=  2421 fn=     5
timing  trees=5 depth=5 feat=None  nodes=  83 acc=99.5386% f1=98.7186% fp=  2421 fn=     5
timing  trees=5 depth=6 feat=sqrt  nodes=  99 acc=99.5386% f1=98.7186% fp=  2421 fn=     5
timing  trees=5 depth=6 feat=None  nodes= 135 acc=99.5386% f1=98.7186% fp=  2421 fn=     5
timing  trees=5 depth=8 feat=sqrt  nodes= 198 acc=99.5386% f1=98.7186% fp=  2421 fn=     5
timing  trees=5 depth=8 feat=None  nodes= 338 acc=99.5386% f1=98.7186% fp=  2421 fn=     5
timing  trees=7 depth=2 feat=sqrt  nodes=  19 acc=99.5386% f1=98.7186% fp=  2421 fn=     5
timing  trees=7 depth=2 feat=None  nodes=  21 acc=99.5386% f1=98.7186% fp=  2421 fn=     5
timing  trees=7 depth=3 feat=sqrt  nodes=  34 acc=99.5386% f1=98.7186% fp=  2421 fn=     5
timing  trees=7 depth=3 feat=None  nodes=  44 acc=99.5386% f1=98.7186% fp=  2421 fn=     5
timing  trees=7 depth=4 feat=sqrt  nodes=  54 acc=99.5386% f1=98.7186% fp=  2421 fn=     5
timing  trees=7 depth=4 feat=None  nodes=  72 acc=99.5386% f1=98.7186% fp=  2421 fn=     5
timing  trees=7 depth=5 feat=sqrt  nodes=  94 acc=99.5386% f1=98.7186% fp=  2421 fn=     5
timing  trees=7 depth=5 feat=None  nodes= 117 acc=99.5386% f1=98.7186% fp=  2421 fn=     5
timing  trees=7 depth=6 feat=sqrt  nodes= 133 acc=99.5386% f1=98.7186% fp=  2421 fn=     5
timing  trees=7 depth=6 feat=None  nodes= 192 acc=99.5386% f1=98.7186% fp=  2421 fn=     5
timing  trees=7 depth=8 feat=sqrt  nodes= 263 acc=99.5386% f1=98.7186% fp=  2421 fn=     5
timing  trees=7 depth=8 feat=None  nodes= 477 acc=99.5386% f1=98.7186% fp=  2421 fn=     5
timing  trees=9 depth=2 feat=sqrt  nodes=  25 acc=99.5386% f1=98.7186% fp=  2421 fn=     5
timing  trees=9 depth=2 feat=None  nodes=  27 acc=99.5386% f1=98.7186% fp=  2421 fn=     5
timing  trees=9 depth=3 feat=sqrt  nodes=  46 acc=99.5386% f1=98.7186% fp=  2421 fn=     5
timing  trees=9 depth=3 feat=None  nodes=  57 acc=99.5386% f1=98.7186% fp=  2421 fn=     5
timing  trees=9 depth=4 feat=sqrt  nodes=  74 acc=99.5386% f1=98.7186% fp=  2421 fn=     5
timing  trees=9 depth=4 feat=None  nodes=  93 acc=99.5386% f1=98.7186% fp=  2421 fn=     5
timing  trees=9 depth=5 feat=sqrt  nodes= 129 acc=99.5386% f1=98.7186% fp=  2421 fn=     5
timing  trees=9 depth=5 feat=None  nodes= 151 acc=99.5386% f1=98.7186% fp=  2421 fn=     5
timing  trees=9 depth=6 feat=sqrt  nodes= 178 acc=99.5386% f1=98.7186% fp=  2421 fn=     5
timing  trees=9 depth=6 feat=None  nodes= 248 acc=99.5386% f1=98.7186% fp=  2421 fn=     5
timing  trees=9 depth=8 feat=sqrt  nodes= 357 acc=99.5386% f1=98.7186% fp=  2421 fn=     5
timing  trees=9 depth=8 feat=None  nodes= 611 acc=99.5386% f1=98.7186% fp=  2421 fn=     5
no_rate trees=1 depth=2 feat=sqrt  nodes=   2 acc=99.5388% f1=98.7191% fp=  2421 fn=     4
no_rate trees=1 depth=2 feat=None  nodes=   3 acc=99.5384% f1=98.7181% fp=  2423 fn=     4
no_rate trees=1 depth=3 feat=sqrt  nodes=   4 acc=99.5388% f1=98.7191% fp=  2421 fn=     4
no_rate trees=1 depth=3 feat=None  nodes=   6 acc=99.5384% f1=98.7181% fp=  2423 fn=     4
no_rate trees=1 depth=4 feat=sqrt  nodes=   7 acc=99.5388% f1=98.7191% fp=  2421 fn=     4
no_rate trees=1 depth=4 feat=None  nodes=   8 acc=99.5384% f1=98.7181% fp=  2423 fn=     4
no_rate trees=1 depth=5 feat=sqrt  nodes=   9 acc=99.5388% f1=98.7191% fp=  2421 fn=     4
no_rate trees=1 depth=5 feat=None  nodes=  10 acc=99.5384% f1=98.7181% fp=  2423 fn=     4
no_rate trees=1 depth=6 feat=sqrt  nodes=  11 acc=99.5388% f1=98.7191% fp=  2421 fn=     4
no_rate trees=1 depth=6 feat=None  nodes=  12 acc=99.5384% f1=98.7181% fp=  2423 fn=     4
no_rate trees=1 depth=8 feat=sqrt  nodes=  15 acc=99.5388% f1=98.7191% fp=  2421 fn=     4
no_rate trees=1 depth=8 feat=None  nodes=  17 acc=99.5384% f1=98.7181% fp=  2423 fn=     4
no_rate trees=3 depth=2 feat=sqrt  nodes=   7 acc=99.1464% f1=97.6550% fp=  4483 fn=     5
no_rate trees=3 depth=2 feat=None  nodes=   9 acc=99.5386% f1=98.7186% fp=  2421 fn=     5
no_rate trees=3 depth=3 feat=sqrt  nodes=  13 acc=99.5388% f1=98.7191% fp=  2420 fn=     5
no_rate trees=3 depth=3 feat=None  nodes=  20 acc=99.5386% f1=98.7186% fp=  2421 fn=     5
no_rate trees=3 depth=4 feat=sqrt  nodes=  21 acc=99.5388% f1=98.7191% fp=  2420 fn=     5
no_rate trees=3 depth=4 feat=None  nodes=  26 acc=99.5386% f1=98.7186% fp=  2421 fn=     5
no_rate trees=3 depth=5 feat=sqrt  nodes=  23 acc=99.5388% f1=98.7191% fp=  2420 fn=     5
no_rate trees=3 depth=5 feat=None  nodes=  32 acc=99.5386% f1=98.7186% fp=  2421 fn=     5
no_rate trees=3 depth=6 feat=sqrt  nodes=  30 acc=99.5388% f1=98.7191% fp=  2420 fn=     5
no_rate trees=3 depth=6 feat=None  nodes=  40 acc=99.5386% f1=98.7186% fp=  2421 fn=     5
no_rate trees=3 depth=8 feat=sqrt  nodes=  45 acc=99.5388% f1=98.7191% fp=  2420 fn=     5
no_rate trees=3 depth=8 feat=None  nodes=  56 acc=99.5386% f1=98.7186% fp=  2421 fn=     5
no_rate trees=5 depth=2 feat=sqrt  nodes=  12 acc=99.5386% f1=98.7186% fp=  2421 fn=     5
no_rate trees=5 depth=2 feat=None  nodes=  15 acc=99.5386% f1=98.7186% fp=  2421 fn=     5
no_rate trees=5 depth=3 feat=sqrt  nodes=  22 acc=99.5386% f1=98.7186% fp=  2421 fn=     5
no_rate trees=5 depth=3 feat=None  nodes=  32 acc=99.5386% f1=98.7186% fp=  2421 fn=     5
no_rate trees=5 depth=4 feat=sqrt  nodes=  35 acc=99.5386% f1=98.7186% fp=  2421 fn=     5
no_rate trees=5 depth=4 feat=None  nodes=  42 acc=99.5386% f1=98.7186% fp=  2421 fn=     5
no_rate trees=5 depth=5 feat=sqrt  nodes=  43 acc=99.5386% f1=98.7186% fp=  2421 fn=     5
no_rate trees=5 depth=5 feat=None  nodes=  54 acc=99.5386% f1=98.7186% fp=  2421 fn=     5
no_rate trees=5 depth=6 feat=sqrt  nodes=  55 acc=99.5386% f1=98.7186% fp=  2421 fn=     5
no_rate trees=5 depth=6 feat=None  nodes=  68 acc=99.5386% f1=98.7186% fp=  2421 fn=     5
no_rate trees=5 depth=8 feat=sqrt  nodes=  77 acc=99.5386% f1=98.7186% fp=  2421 fn=     5
no_rate trees=5 depth=8 feat=None  nodes=  94 acc=99.5386% f1=98.7186% fp=  2421 fn=     5
no_rate trees=7 depth=2 feat=sqrt  nodes=  18 acc=99.5388% f1=98.7191% fp=  2420 fn=     5
no_rate trees=7 depth=2 feat=None  nodes=  21 acc=99.5386% f1=98.7186% fp=  2421 fn=     5
no_rate trees=7 depth=3 feat=sqrt  nodes=  32 acc=99.5388% f1=98.7191% fp=  2420 fn=     5
no_rate trees=7 depth=3 feat=None  nodes=  44 acc=99.5386% f1=98.7186% fp=  2421 fn=     5
no_rate trees=7 depth=4 feat=sqrt  nodes=  49 acc=99.5388% f1=98.7191% fp=  2420 fn=     5
no_rate trees=7 depth=4 feat=None  nodes=  58 acc=99.5386% f1=98.7186% fp=  2421 fn=     5
no_rate trees=7 depth=5 feat=sqrt  nodes=  63 acc=99.5388% f1=98.7191% fp=  2420 fn=     5
no_rate trees=7 depth=5 feat=None  nodes=  76 acc=99.5386% f1=98.7186% fp=  2421 fn=     5
no_rate trees=7 depth=6 feat=sqrt  nodes=  74 acc=99.5388% f1=98.7191% fp=  2420 fn=     5
no_rate trees=7 depth=6 feat=None  nodes=  96 acc=99.5386% f1=98.7186% fp=  2421 fn=     5
no_rate trees=7 depth=8 feat=sqrt  nodes= 107 acc=99.5388% f1=98.7191% fp=  2420 fn=     5
no_rate trees=7 depth=8 feat=None  nodes= 132 acc=99.5386% f1=98.7186% fp=  2421 fn=     5
no_rate trees=9 depth=2 feat=sqrt  nodes=  23 acc=99.5388% f1=98.7191% fp=  2420 fn=     5
no_rate trees=9 depth=2 feat=None  nodes=  27 acc=99.5386% f1=98.7186% fp=  2421 fn=     5
no_rate trees=9 depth=3 feat=sqrt  nodes=  41 acc=99.5386% f1=98.7186% fp=  2421 fn=     5
no_rate trees=9 depth=3 feat=None  nodes=  57 acc=99.5386% f1=98.7186% fp=  2421 fn=     5
no_rate trees=9 depth=4 feat=sqrt  nodes=  62 acc=99.5386% f1=98.7186% fp=  2421 fn=     5
no_rate trees=9 depth=4 feat=None  nodes=  75 acc=99.5386% f1=98.7186% fp=  2421 fn=     5
no_rate trees=9 depth=5 feat=sqrt  nodes=  80 acc=99.5388% f1=98.7191% fp=  2420 fn=     5
no_rate trees=9 depth=5 feat=None  nodes=  98 acc=99.5386% f1=98.7186% fp=  2421 fn=     5
no_rate trees=9 depth=6 feat=sqrt  nodes=  97 acc=99.5388% f1=98.7191% fp=  2420 fn=     5
no_rate trees=9 depth=6 feat=None  nodes= 125 acc=99.5386% f1=98.7186% fp=  2421 fn=     5
no_rate trees=9 depth=8 feat=sqrt  nodes= 141 acc=99.5388% f1=98.7191% fp=  2420 fn=     5
no_rate trees=9 depth=8 feat=None  nodes= 171 acc=99.5386% f1=98.7186% fp=  2421 fn=     5
timing_only trees=1 depth=2 feat=sqrt  nodes=   3 acc=99.5384% f1=98.7181% fp=  2423 fn=     4
timing_only trees=1 depth=2 feat=None  nodes=   3 acc=99.5384% f1=98.7181% fp=  2423 fn=     4
timing_only trees=1 depth=3 feat=sqrt  nodes=   3 acc=99.5384% f1=98.7181% fp=  2423 fn=     4
timing_only trees=1 depth=3 feat=None  nodes=   6 acc=99.5384% f1=98.7181% fp=  2423 fn=     4
timing_only trees=1 depth=4 feat=sqrt  nodes=   5 acc=99.5384% f1=98.7181% fp=  2423 fn=     4
timing_only trees=1 depth=4 feat=None  nodes=  10 acc=99.5384% f1=98.7181% fp=  2423 fn=     4
timing_only trees=1 depth=5 feat=sqrt  nodes=  16 acc=99.5384% f1=98.7181% fp=  2423 fn=     4
timing_only trees=1 depth=5 feat=None  nodes=  16 acc=99.5384% f1=98.7181% fp=  2423 fn=     4
timing_only trees=1 depth=6 feat=sqrt  nodes=   9 acc=99.5384% f1=98.7181% fp=  2423 fn=     4
timing_only trees=1 depth=6 feat=None  nodes=  25 acc=99.5384% f1=98.7181% fp=  2423 fn=     4
timing_only trees=1 depth=8 feat=sqrt  nodes=   9 acc=99.5384% f1=98.7181% fp=  2423 fn=     4
timing_only trees=1 depth=8 feat=None  nodes=  64 acc=99.5384% f1=98.7181% fp=  2423 fn=     4
timing_only trees=3 depth=2 feat=sqrt  nodes=   8 acc=99.5386% f1=98.7186% fp=  2421 fn=     5
timing_only trees=3 depth=2 feat=None  nodes=   9 acc=99.5386% f1=98.7186% fp=  2421 fn=     5
timing_only trees=3 depth=3 feat=sqrt  nodes=  13 acc=99.5386% f1=98.7186% fp=  2421 fn=     5
timing_only trees=3 depth=3 feat=None  nodes=  20 acc=99.5386% f1=98.7186% fp=  2421 fn=     5
timing_only trees=3 depth=4 feat=sqrt  nodes=  20 acc=99.5386% f1=98.7186% fp=  2421 fn=     5
timing_only trees=3 depth=4 feat=None  nodes=  32 acc=99.5386% f1=98.7186% fp=  2421 fn=     5
timing_only trees=3 depth=5 feat=sqrt  nodes=  47 acc=99.5386% f1=98.7186% fp=  2421 fn=     5
timing_only trees=3 depth=5 feat=None  nodes=  50 acc=99.5386% f1=98.7186% fp=  2421 fn=     5
timing_only trees=3 depth=6 feat=sqrt  nodes=  44 acc=99.5386% f1=98.7186% fp=  2421 fn=     5
timing_only trees=3 depth=6 feat=None  nodes=  81 acc=99.5386% f1=98.7186% fp=  2421 fn=     5
timing_only trees=3 depth=8 feat=sqrt  nodes=  42 acc=99.5386% f1=98.7186% fp=  2421 fn=     5
timing_only trees=3 depth=8 feat=None  nodes= 208 acc=99.5386% f1=98.7186% fp=  2421 fn=     5
timing_only trees=5 depth=2 feat=sqrt  nodes=  12 acc=99.5386% f1=98.7186% fp=  2421 fn=     5
timing_only trees=5 depth=2 feat=None  nodes=  15 acc=99.5386% f1=98.7186% fp=  2421 fn=     5
timing_only trees=5 depth=3 feat=sqrt  nodes=  24 acc=99.5386% f1=98.7186% fp=  2421 fn=     5
timing_only trees=5 depth=3 feat=None  nodes=  33 acc=99.5386% f1=98.7186% fp=  2421 fn=     5
timing_only trees=5 depth=4 feat=sqrt  nodes=  36 acc=99.5386% f1=98.7186% fp=  2421 fn=     5
timing_only trees=5 depth=4 feat=None  nodes=  54 acc=99.5386% f1=98.7186% fp=  2421 fn=     5
timing_only trees=5 depth=5 feat=sqrt  nodes=  73 acc=99.5386% f1=98.7186% fp=  2421 fn=     5
timing_only trees=5 depth=5 feat=None  nodes=  87 acc=99.5386% f1=98.7186% fp=  2421 fn=     5
timing_only trees=5 depth=6 feat=sqrt  nodes=  63 acc=99.5386% f1=98.7186% fp=  2421 fn=     5
timing_only trees=5 depth=6 feat=None  nodes= 139 acc=99.5386% f1=98.7186% fp=  2421 fn=     5
timing_only trees=5 depth=8 feat=sqrt  nodes=  65 acc=99.5386% f1=98.7186% fp=  2421 fn=     5
timing_only trees=5 depth=8 feat=None  nodes= 343 acc=99.5386% f1=98.7186% fp=  2421 fn=     5
timing_only trees=7 depth=2 feat=sqrt  nodes=  18 acc=99.5386% f1=98.7186% fp=  2421 fn=     5
timing_only trees=7 depth=2 feat=None  nodes=  21 acc=99.5386% f1=98.7186% fp=  2421 fn=     5
timing_only trees=7 depth=3 feat=sqrt  nodes=  34 acc=99.5386% f1=98.7186% fp=  2421 fn=     5
timing_only trees=7 depth=3 feat=None  nodes=  46 acc=99.5386% f1=98.7186% fp=  2421 fn=     5
timing_only trees=7 depth=4 feat=sqrt  nodes=  50 acc=99.5386% f1=98.7186% fp=  2421 fn=     5
timing_only trees=7 depth=4 feat=None  nodes=  75 acc=99.5386% f1=98.7186% fp=  2421 fn=     5
timing_only trees=7 depth=5 feat=sqrt  nodes=  95 acc=99.5386% f1=98.7186% fp=  2421 fn=     5
timing_only trees=7 depth=5 feat=None  nodes= 123 acc=99.5386% f1=98.7186% fp=  2421 fn=     5
timing_only trees=7 depth=6 feat=sqrt  nodes=  93 acc=99.5386% f1=98.7186% fp=  2421 fn=     5
timing_only trees=7 depth=6 feat=None  nodes= 198 acc=99.5386% f1=98.7186% fp=  2421 fn=     5
timing_only trees=7 depth=8 feat=sqrt  nodes= 116 acc=99.5386% f1=98.7186% fp=  2421 fn=     5
timing_only trees=7 depth=8 feat=None  nodes= 488 acc=99.5386% f1=98.7186% fp=  2421 fn=     5
timing_only trees=9 depth=2 feat=sqrt  nodes=  23 acc=99.5386% f1=98.7186% fp=  2421 fn=     5
timing_only trees=9 depth=2 feat=None  nodes=  27 acc=99.5386% f1=98.7186% fp=  2421 fn=     5
timing_only trees=9 depth=3 feat=sqrt  nodes=  44 acc=99.5386% f1=98.7186% fp=  2421 fn=     5
timing_only trees=9 depth=3 feat=None  nodes=  59 acc=99.5386% f1=98.7186% fp=  2421 fn=     5
timing_only trees=9 depth=4 feat=sqrt  nodes=  68 acc=99.5386% f1=98.7186% fp=  2421 fn=     5
timing_only trees=9 depth=4 feat=None  nodes=  96 acc=99.5386% f1=98.7186% fp=  2421 fn=     5
timing_only trees=9 depth=5 feat=sqrt  nodes= 122 acc=99.5386% f1=98.7186% fp=  2421 fn=     5
timing_only trees=9 depth=5 feat=None  nodes= 158 acc=99.5386% f1=98.7186% fp=  2421 fn=     5
timing_only trees=9 depth=6 feat=sqrt  nodes= 132 acc=99.5386% f1=98.7186% fp=  2421 fn=     5
timing_only trees=9 depth=6 feat=None  nodes= 255 acc=99.5386% f1=98.7186% fp=  2421 fn=     5
timing_only trees=9 depth=8 feat=sqrt  nodes= 212 acc=99.5386% f1=98.7186% fp=  2421 fn=     5
timing_only trees=9 depth=8 feat=None  nodes= 625 acc=99.5386% f1=98.7186% fp=  2421 fn=     5
paper   trees=1 depth=2 feat=sqrt  nodes=   3 acc=99.2032% f1=97.8078% fp=  4184 fn=     5
paper   trees=1 depth=2 feat=None  nodes=   3 acc=99.2032% f1=97.8078% fp=  4184 fn=     5
paper   trees=1 depth=3 feat=sqrt  nodes=   5 acc=99.3784% f1=98.2815% fp=  3263 fn=     5
paper   trees=1 depth=3 feat=None  nodes=   5 acc=99.3784% f1=98.2815% fp=  3263 fn=     5
paper   trees=1 depth=4 feat=sqrt  nodes=   7 acc=99.3784% f1=98.2815% fp=  3263 fn=     5
paper   trees=1 depth=4 feat=None  nodes=   7 acc=99.3784% f1=98.2815% fp=  3263 fn=     5
paper   trees=1 depth=5 feat=sqrt  nodes=  11 acc=99.5184% f1=98.6633% fp=  2527 fn=     5
paper   trees=1 depth=5 feat=None  nodes=  10 acc=99.5184% f1=98.6633% fp=  2527 fn=     5
paper   trees=1 depth=6 feat=sqrt  nodes=  12 acc=99.5386% f1=98.7186% fp=  2421 fn=     5
paper   trees=1 depth=6 feat=None  nodes=  12 acc=99.5386% f1=98.7186% fp=  2421 fn=     5
paper   trees=1 depth=8 feat=sqrt  nodes=  13 acc=99.5386% f1=98.7186% fp=  2421 fn=     5
paper   trees=1 depth=8 feat=None  nodes=  12 acc=99.5386% f1=98.7186% fp=  2421 fn=     5
paper   trees=3 depth=2 feat=sqrt  nodes=   7 acc=98.2165% f1=95.2225% fp=  9372 fn=     5
paper   trees=3 depth=2 feat=None  nodes=   9 acc=99.2032% f1=97.8078% fp=  4184 fn=     5
paper   trees=3 depth=3 feat=sqrt  nodes=  13 acc=99.3784% f1=98.2815% fp=  3263 fn=     5
paper   trees=3 depth=3 feat=None  nodes=  16 acc=99.3784% f1=98.2815% fp=  3263 fn=     5
paper   trees=3 depth=4 feat=sqrt  nodes=  19 acc=99.3784% f1=98.2815% fp=  3263 fn=     5
paper   trees=3 depth=4 feat=None  nodes=  23 acc=99.3784% f1=98.2815% fp=  3263 fn=     5
paper   trees=3 depth=5 feat=sqrt  nodes=  30 acc=99.5184% f1=98.6633% fp=  2527 fn=     5
paper   trees=3 depth=5 feat=None  nodes=  33 acc=99.5184% f1=98.6633% fp=  2527 fn=     5
paper   trees=3 depth=6 feat=sqrt  nodes=  35 acc=99.5386% f1=98.7186% fp=  2421 fn=     5
paper   trees=3 depth=6 feat=None  nodes=  39 acc=99.5386% f1=98.7186% fp=  2421 fn=     5
paper   trees=3 depth=8 feat=sqrt  nodes=  37 acc=99.5386% f1=98.7186% fp=  2421 fn=     5
paper   trees=3 depth=8 feat=None  nodes=  39 acc=99.5386% f1=98.7186% fp=  2421 fn=     5
paper   trees=5 depth=2 feat=sqrt  nodes=  12 acc=98.2165% f1=95.2225% fp=  9372 fn=     5
paper   trees=5 depth=2 feat=None  nodes=  15 acc=99.2032% f1=97.8078% fp=  4184 fn=     5
paper   trees=5 depth=3 feat=sqrt  nodes=  22 acc=99.3784% f1=98.2815% fp=  3263 fn=     5
paper   trees=5 depth=3 feat=None  nodes=  28 acc=99.3784% f1=98.2815% fp=  3263 fn=     5
paper   trees=5 depth=4 feat=sqrt  nodes=  32 acc=99.3784% f1=98.2815% fp=  3263 fn=     5
paper   trees=5 depth=4 feat=None  nodes=  39 acc=99.3784% f1=98.2815% fp=  3263 fn=     5
paper   trees=5 depth=5 feat=sqrt  nodes=  49 acc=99.5184% f1=98.6633% fp=  2527 fn=     5
paper   trees=5 depth=5 feat=None  nodes=  55 acc=99.5184% f1=98.6633% fp=  2527 fn=     5
paper   trees=5 depth=6 feat=sqrt  nodes=  58 acc=99.5386% f1=98.7186% fp=  2421 fn=     5
paper   trees=5 depth=6 feat=None  nodes=  65 acc=99.5386% f1=98.7186% fp=  2421 fn=     5
paper   trees=5 depth=8 feat=sqrt  nodes=  65 acc=99.5386% f1=98.7186% fp=  2421 fn=     5
paper   trees=5 depth=8 feat=None  nodes=  69 acc=99.5386% f1=98.7186% fp=  2421 fn=     5
paper   trees=7 depth=2 feat=sqrt  nodes=  16 acc=98.2165% f1=95.2225% fp=  9372 fn=     5
paper   trees=7 depth=2 feat=None  nodes=  21 acc=99.2032% f1=97.8078% fp=  4184 fn=     5
paper   trees=7 depth=3 feat=sqrt  nodes=  30 acc=99.3784% f1=98.2815% fp=  3263 fn=     5
paper   trees=7 depth=3 feat=None  nodes=  39 acc=99.3784% f1=98.2815% fp=  3263 fn=     5
paper   trees=7 depth=4 feat=sqrt  nodes=  44 acc=99.3784% f1=98.2815% fp=  3263 fn=     5
paper   trees=7 depth=4 feat=None  nodes=  54 acc=99.3784% f1=98.2815% fp=  3263 fn=     5
paper   trees=7 depth=5 feat=sqrt  nodes=  67 acc=99.5184% f1=98.6633% fp=  2527 fn=     5
paper   trees=7 depth=5 feat=None  nodes=  76 acc=99.5184% f1=98.6633% fp=  2527 fn=     5
paper   trees=7 depth=6 feat=sqrt  nodes=  80 acc=99.5386% f1=98.7186% fp=  2421 fn=     5
paper   trees=7 depth=6 feat=None  nodes=  90 acc=99.5386% f1=98.7186% fp=  2421 fn=     5
paper   trees=7 depth=8 feat=sqrt  nodes=  91 acc=99.5386% f1=98.7186% fp=  2421 fn=     5
paper   trees=7 depth=8 feat=None  nodes=  98 acc=99.5386% f1=98.7186% fp=  2421 fn=     5
paper   trees=9 depth=2 feat=sqrt  nodes=  21 acc=98.2165% f1=95.2225% fp=  9372 fn=     5
paper   trees=9 depth=2 feat=None  nodes=  27 acc=99.2032% f1=97.8078% fp=  4184 fn=     5
paper   trees=9 depth=3 feat=sqrt  nodes=  39 acc=99.3784% f1=98.2815% fp=  3263 fn=     5
paper   trees=9 depth=3 feat=None  nodes=  50 acc=99.3784% f1=98.2815% fp=  3263 fn=     5
paper   trees=9 depth=4 feat=sqrt  nodes=  57 acc=99.3784% f1=98.2815% fp=  3263 fn=     5
paper   trees=9 depth=4 feat=None  nodes=  70 acc=99.3784% f1=98.2815% fp=  3263 fn=     5
paper   trees=9 depth=5 feat=sqrt  nodes=  87 acc=99.5184% f1=98.6633% fp=  2527 fn=     5
paper   trees=9 depth=5 feat=None  nodes=  99 acc=99.5184% f1=98.6633% fp=  2527 fn=     5
paper   trees=9 depth=6 feat=sqrt  nodes= 104 acc=99.5386% f1=98.7186% fp=  2421 fn=     5
paper   trees=9 depth=6 feat=None  nodes= 116 acc=99.5386% f1=98.7186% fp=  2421 fn=     5
paper   trees=9 depth=8 feat=sqrt  nodes= 118 acc=99.5386% f1=98.7186% fp=  2421 fn=     5
paper   trees=9 depth=8 feat=None  nodes= 126 acc=99.5386% f1=98.7186% fp=  2421 fn=     5

wrote results/realatk_stealth/sweep.csv  (240 configurations)

smallest configuration reaching each accuracy target:
  >=  98.0000%  no_rate trees=1 depth=2 nodes=   2 acc=99.5388% fp=2421 fn=4
  >=  99.0000%  no_rate trees=1 depth=2 nodes=   2 acc=99.5388% fp=2421 fn=4
  >=  99.5000%  no_rate trees=1 depth=2 nodes=   2 acc=99.5388% fp=2421 fn=4
  >=  99.9000%  none
  >=  99.9900%  none
  >= 100.0000%  none
