timing  trees=1 depth=2 feat=sqrt  nodes=   2 acc=99.9990% f1=99.9973% fp=     0 fn=     5
timing  trees=1 depth=2 feat=None  nodes=   1 acc=100.0000% f1=100.0000% fp=     0 fn=     0
timing  trees=1 depth=3 feat=sqrt  nodes=   2 acc=99.9990% f1=99.9973% fp=     0 fn=     5
timing  trees=1 depth=3 feat=None  nodes=   1 acc=100.0000% f1=100.0000% fp=     0 fn=     0
timing  trees=1 depth=4 feat=sqrt  nodes=   2 acc=99.9990% f1=99.9973% fp=     0 fn=     5
timing  trees=1 depth=4 feat=None  nodes=   1 acc=100.0000% f1=100.0000% fp=     0 fn=     0
timing  trees=1 depth=5 feat=sqrt  nodes=   2 acc=99.9990% f1=99.9973% fp=     0 fn=     5
timing  trees=1 depth=5 feat=None  nodes=   1 acc=100.0000% f1=100.0000% fp=     0 fn=     0
timing  trees=1 depth=6 feat=sqrt  nodes=   2 acc=99.9990% f1=99.9973% fp=     0 fn=     5
timing  trees=1 depth=6 feat=None  nodes=   1 acc=100.0000% f1=100.0000% fp=     0 fn=     0
timing  trees=1 depth=8 feat=sqrt  nodes=   2 acc=99.9990% f1=99.9973% fp=     0 fn=     5
timing  trees=1 depth=8 feat=None  nodes=   1 acc=100.0000% f1=100.0000% fp=     0 fn=     0
timing  trees=3 depth=2 feat=sqrt  nodes=   6 acc=100.0000% f1=100.0000% fp=     0 fn=     0
timing  trees=3 depth=2 feat=None  nodes=   3 acc=100.0000% f1=100.0000% fp=     0 fn=     0
timing  trees=3 depth=3 feat=sqrt  nodes=   6 acc=100.0000% f1=100.0000% fp=     0 fn=     0
timing  trees=3 depth=3 feat=None  nodes=   3 acc=100.0000% f1=100.0000% fp=     0 fn=     0
timing  trees=3 depth=4 feat=sqrt  nodes=   6 acc=100.0000% f1=100.0000% fp=     0 fn=     0
timing  trees=3 depth=4 feat=None  nodes=   3 acc=100.0000% f1=100.0000% fp=     0 fn=     0
timing  trees=3 depth=5 feat=sqrt  nodes=   6 acc=100.0000% f1=100.0000% fp=     0 fn=     0
timing  trees=3 depth=5 feat=None  nodes=   3 acc=100.0000% f1=100.0000% fp=     0 fn=     0
timing  trees=3 depth=6 feat=sqrt  nodes=   6 acc=100.0000% f1=100.0000% fp=     0 fn=     0
timing  trees=3 depth=6 feat=None  nodes=   3 acc=100.0000% f1=100.0000% fp=     0 fn=     0
timing  trees=3 depth=8 feat=sqrt  nodes=   6 acc=100.0000% f1=100.0000% fp=     0 fn=     0
timing  trees=3 depth=8 feat=None  nodes=   3 acc=100.0000% f1=100.0000% fp=     0 fn=     0
timing  trees=5 depth=2 feat=sqrt  nodes=  10 acc=99.9998% f1=99.9995% fp=     0 fn=     1
timing  trees=5 depth=2 feat=None  nodes=   5 acc=100.0000% f1=100.0000% fp=     0 fn=     0
timing  trees=5 depth=3 feat=sqrt  nodes=  10 acc=99.9998% f1=99.9995% fp=     0 fn=     1
timing  trees=5 depth=3 feat=None  nodes=   5 acc=100.0000% f1=100.0000% fp=     0 fn=     0
timing  trees=5 depth=4 feat=sqrt  nodes=  10 acc=99.9998% f1=99.9995% fp=     0 fn=     1
timing  trees=5 depth=4 feat=None  nodes=   5 acc=100.0000% f1=100.0000% fp=     0 fn=     0
timing  trees=5 depth=5 feat=sqrt  nodes=  10 acc=99.9998% f1=99.9995% fp=     0 fn=     1
timing  trees=5 depth=5 feat=None  nodes=   5 acc=100.0000% f1=100.0000% fp=     0 fn=     0
timing  trees=5 depth=6 feat=sqrt  nodes=  10 acc=99.9998% f1=99.9995% fp=     0 fn=     1
timing  trees=5 depth=6 feat=None  nodes=   5 acc=100.0000% f1=100.0000% fp=     0 fn=     0
timing  trees=5 depth=8 feat=sqrt  nodes=  10 acc=99.9998% f1=99.9995% fp=     0 fn=     1
timing  trees=5 depth=8 feat=None  nodes=   5 acc=100.0000% f1=100.0000% fp=     0 fn=     0
timing  trees=7 depth=2 feat=sqrt  nodes=  13 acc=99.9998% f1=99.9995% fp=     0 fn=     1
timing  trees=7 depth=2 feat=None  nodes=   7 acc=100.0000% f1=100.0000% fp=     0 fn=     0
timing  trees=7 depth=3 feat=sqrt  nodes=  13 acc=99.9998% f1=99.9995% fp=     0 fn=     1
timing  trees=7 depth=3 feat=None  nodes=   7 acc=100.0000% f1=100.0000% fp=     0 fn=     0
timing  trees=7 depth=4 feat=sqrt  nodes=  13 acc=99.9998% f1=99.9995% fp=     0 fn=     1
timing  trees=7 depth=4 feat=None  nodes=   7 acc=100.0000% f1=100.0000% fp=     0 fn=     0
timing  trees=7 depth=5 feat=sqrt  nodes=  13 acc=99.9998% f1=99.9995% fp=     0 fn=     1
timing  trees=7 depth=5 feat=None  nodes=   7 acc=100.0000% f1=100.0000% fp=     0 fn=     0
timing  trees=7 depth=6 feat=sqrt  nodes=  13 acc=99.9998% f1=99.9995% fp=     0 fn=     1
timing  trees=7 depth=6 feat=None  nodes=   7 acc=100.0000% f1=100.0000% fp=     0 fn=     0
timing  trees=7 depth=8 feat=sqrt  nodes=  13 acc=99.9998% f1=99.9995% fp=     0 fn=     1
timing  trees=7 depth=8 feat=None  nodes=   7 acc=100.0000% f1=100.0000% fp=     0 fn=     0
timing  trees=9 depth=2 feat=sqrt  nodes=  17 acc=99.9998% f1=99.9995% fp=     0 fn=     1
timing  trees=9 depth=2 feat=None  nodes=   9 acc=100.0000% f1=100.0000% fp=     0 fn=     0
timing  trees=9 depth=3 feat=sqrt  nodes=  19 acc=99.9998% f1=99.9995% fp=     0 fn=     1
timing  trees=9 depth=3 feat=None  nodes=   9 acc=100.0000% f1=100.0000% fp=     0 fn=     0
timing  trees=9 depth=4 feat=sqrt  nodes=  21 acc=99.9998% f1=99.9995% fp=     0 fn=     1
timing  trees=9 depth=4 feat=None  nodes=   9 acc=100.0000% f1=100.0000% fp=     0 fn=     0
timing  trees=9 depth=5 feat=sqrt  nodes=  22 acc=99.9998% f1=99.9995% fp=     0 fn=     1
timing  trees=9 depth=5 feat=None  nodes=   9 acc=100.0000% f1=100.0000% fp=     0 fn=     0
timing  trees=9 depth=6 feat=sqrt  nodes=  22 acc=99.9998% f1=99.9995% fp=     0 fn=     1
timing  trees=9 depth=6 feat=None  nodes=   9 acc=100.0000% f1=100.0000% fp=     0 fn=     0
timing  trees=9 depth=8 feat=sqrt  nodes=  22 acc=99.9998% f1=99.9995% fp=     0 fn=     1
timing  trees=9 depth=8 feat=None  nodes=   9 acc=100.0000% f1=100.0000% fp=     0 fn=     0
no_payload trees=1 depth=2 feat=sqrt  nodes=   2 acc=92.4534% f1=73.0508% fp=     0 fn= 39677
no_payload trees=1 depth=2 feat=None  nodes=   1 acc=100.0000% f1=100.0000% fp=     0 fn=     0
no_payload trees=1 depth=3 feat=sqrt  nodes=   4 acc=99.9958% f1=99.9882% fp=     2 fn=    20
no_payload trees=1 depth=3 feat=None  nodes=   1 acc=100.0000% f1=100.0000% fp=     0 fn=     0
no_payload trees=1 depth=4 feat=sqrt  nodes=   5 acc=99.9956% f1=99.9877% fp=     0 fn=    23
no_payload trees=1 depth=4 feat=None  nodes=   1 acc=100.0000% f1=100.0000% fp=     0 fn=     0
no_payload trees=1 depth=5 feat=sqrt  nodes=   5 acc=99.9956% f1=99.9877% fp=     0 fn=    23
no_payload trees=1 depth=5 feat=None  nodes=   1 acc=100.0000% f1=100.0000% fp=     0 fn=     0
no_payload trees=1 depth=6 feat=sqrt  nodes=   5 acc=99.9956% f1=99.9877% fp=     0 fn=    23
no_payload trees=1 depth=6 feat=None  nodes=   1 acc=100.0000% f1=100.0000% fp=     0 fn=     0
no_payload trees=1 depth=8 feat=sqrt  nodes=   5 acc=99.9956% f1=99.9877% fp=     0 fn=    23
no_payload trees=1 depth=8 feat=None  nodes=   1 acc=100.0000% f1=100.0000% fp=     0 fn=     0
no_payload trees=3 depth=2 feat=sqrt  nodes=   5 acc=99.9990% f1=99.9973% fp=     0 fn=     5
no_payload trees=3 depth=2 feat=None  nodes=   3 acc=100.0000% f1=100.0000% fp=     0 fn=     0
no_payload trees=3 depth=3 feat=sqrt  nodes=   9 acc=99.9987% f1=99.9963% fp=     2 fn=     5
no_payload trees=3 depth=3 feat=None  nodes=   3 acc=100.0000% f1=100.0000% fp=     0 fn=     0
no_payload trees=3 depth=4 feat=sqrt  nodes=  11 acc=99.9990% f1=99.9973% fp=     0 fn=     5
no_payload trees=3 depth=4 feat=None  nodes=   3 acc=100.0000% f1=100.0000% fp=     0 fn=     0
no_payload trees=3 depth=5 feat=sqrt  nodes=  11 acc=99.9990% f1=99.9973% fp=     0 fn=     5
no_payload trees=3 depth=5 feat=None  nodes=   3 acc=100.0000% f1=100.0000% fp=     0 fn=     0
no_payload trees=3 depth=6 feat=sqrt  nodes=  11 acc=99.9990% f1=99.9973% fp=     0 fn=     5
no_payload trees=3 depth=6 feat=None  nodes=   3 acc=100.0000% f1=100.0000% fp=     0 fn=     0
no_payload trees=3 depth=8 feat=sqrt  nodes=  11 acc=99.9990% f1=99.9973% fp=     0 fn=     5
no_payload trees=3 depth=8 feat=None  nodes=   3 acc=100.0000% f1=100.0000% fp=     0 fn=     0
no_payload trees=5 depth=2 feat=sqrt  nodes=  10 acc=99.9990% f1=99.9973% fp=     0 fn=     5
no_payload trees=5 depth=2 feat=None  nodes=   5 acc=100.0000% f1=100.0000% fp=     0 fn=     0
no_payload trees=5 depth=3 feat=sqrt  nodes=  17 acc=99.9990% f1=99.9973% fp=     0 fn=     5
no_payload trees=5 depth=3 feat=None  nodes=   5 acc=100.0000% f1=100.0000% fp=     0 fn=     0
no_payload trees=5 depth=4 feat=sqrt  nodes=  20 acc=99.9990% f1=99.9973% fp=     0 fn=     5
no_payload trees=5 depth=4 feat=None  nodes=   5 acc=100.0000% f1=100.0000% fp=     0 fn=     0
no_payload trees=5 depth=5 feat=sqrt  nodes=  24 acc=99.9990% f1=99.9973% fp=     0 fn=     5
no_payload trees=5 depth=5 feat=None  nodes=   5 acc=100.0000% f1=100.0000% fp=     0 fn=     0
no_payload trees=5 depth=6 feat=sqrt  nodes=  24 acc=99.9990% f1=99.9973% fp=     0 fn=     5
no_payload trees=5 depth=6 feat=None  nodes=   5 acc=100.0000% f1=100.0000% fp=     0 fn=     0
no_payload trees=5 depth=8 feat=sqrt  nodes=  24 acc=99.9990% f1=99.9973% fp=     0 fn=     5
no_payload trees=5 depth=8 feat=None  nodes=   5 acc=100.0000% f1=100.0000% fp=     0 fn=     0
no_payload trees=7 depth=2 feat=sqrt  nodes=  14 acc=99.9990% f1=99.9973% fp=     0 fn=     5
no_payload trees=7 depth=2 feat=None  nodes=   7 acc=100.0000% f1=100.0000% fp=     0 fn=     0
no_payload trees=7 depth=3 feat=sqrt  nodes=  22 acc=99.9990% f1=99.9973% fp=     0 fn=     5
no_payload trees=7 depth=3 feat=None  nodes=   7 acc=100.0000% f1=100.0000% fp=     0 fn=     0
no_payload trees=7 depth=4 feat=sqrt  nodes=  27 acc=99.9990% f1=99.9973% fp=     0 fn=     5
no_payload trees=7 depth=4 feat=None  nodes=   7 acc=100.0000% f1=100.0000% fp=     0 fn=     0
no_payload trees=7 depth=5 feat=sqrt  nodes=  32 acc=99.9990% f1=99.9973% fp=     0 fn=     5
no_payload trees=7 depth=5 feat=None  nodes=   7 acc=100.0000% f1=100.0000% fp=     0 fn=     0
no_payload trees=7 depth=6 feat=sqrt  nodes=  34 acc=99.9990% f1=99.9973% fp=     0 fn=     5
no_payload trees=7 depth=6 feat=None  nodes=   7 acc=100.0000% f1=100.0000% fp=     0 fn=     0
no_payload trees=7 depth=8 feat=sqrt  nodes=  34 acc=99.9990% f1=99.9973% fp=     0 fn=     5
no_payload trees=7 depth=8 feat=None  nodes=   7 acc=100.0000% f1=100.0000% fp=     0 fn=     0
no_payload trees=9 depth=2 feat=sqrt  nodes=  17 acc=99.9990% f1=99.9973% fp=     0 fn=     5
no_payload trees=9 depth=2 feat=None  nodes=   9 acc=100.0000% f1=100.0000% fp=     0 fn=     0
no_payload trees=9 depth=3 feat=sqrt  nodes=  27 acc=99.9990% f1=99.9973% fp=     0 fn=     5
no_payload trees=9 depth=3 feat=None  nodes=   9 acc=100.0000% f1=100.0000% fp=     0 fn=     0
no_payload trees=9 depth=4 feat=sqrt  nodes=  32 acc=99.9990% f1=99.9973% fp=     0 fn=     5
no_payload trees=9 depth=4 feat=None  nodes=   9 acc=100.0000% f1=100.0000% fp=     0 fn=     0
no_payload trees=9 depth=5 feat=sqrt  nodes=  37 acc=99.9990% f1=99.9973% fp=     0 fn=     5
no_payload trees=9 depth=5 feat=None  nodes=   9 acc=100.0000% f1=100.0000% fp=     0 fn=     0
no_payload trees=9 depth=6 feat=sqrt  nodes=  39 acc=99.9990% f1=99.9973% fp=     0 fn=     5
no_payload trees=9 depth=6 feat=None  nodes=   9 acc=100.0000% f1=100.0000% fp=     0 fn=     0
no_payload trees=9 depth=8 feat=sqrt  nodes=  39 acc=99.9990% f1=99.9973% fp=     0 fn=     5
no_payload trees=9 depth=8 feat=None  nodes=   9 acc=100.0000% f1=100.0000% fp=     0 fn=     0
no_rate trees=1 depth=2 feat=sqrt  nodes=   2 acc=99.9990% f1=99.9973% fp=     0 fn=     5
no_rate trees=1 depth=2 feat=None  nodes=   1 acc=100.0000% f1=100.0000% fp=     0 fn=     0
no_rate trees=1 depth=3 feat=sqrt  nodes=   3 acc=99.9990% f1=99.9973% fp=     0 fn=     5
no_rate trees=1 depth=3 feat=None  nodes=   1 acc=100.0000% f1=100.0000% fp=     0 fn=     0
no_rate trees=1 depth=4 feat=sqrt  nodes=   3 acc=99.9990% f1=99.9973% fp=     0 fn=     5
no_rate trees=1 depth=4 feat=None  nodes=   1 acc=100.0000% f1=100.0000% fp=     0 fn=     0
no_rate trees=1 depth=5 feat=sqrt  nodes=   3 acc=99.9990% f1=99.9973% fp=     0 fn=     5
no_rate trees=1 depth=5 feat=None  nodes=   1 acc=100.0000% f1=100.0000% fp=     0 fn=     0
no_rate trees=1 depth=6 feat=sqrt  nodes=   3 acc=99.9990% f1=99.9973% fp=     0 fn=     5
no_rate trees=1 depth=6 feat=None  nodes=   1 acc=100.0000% f1=100.0000% fp=     0 fn=     0
no_rate trees=1 depth=8 feat=sqrt  nodes=   3 acc=99.9990% f1=99.9973% fp=     0 fn=     5
no_rate trees=1 depth=8 feat=None  nodes=   1 acc=100.0000% f1=100.0000% fp=     0 fn=     0
no_rate trees=3 depth=2 feat=sqrt  nodes=   6 acc=99.9990% f1=99.9973% fp=     0 fn=     5
no_rate trees=3 depth=2 feat=None  nodes=   3 acc=100.0000% f1=100.0000% fp=     0 fn=     0
no_rate trees=3 depth=3 feat=sqrt  nodes=   9 acc=99.9990% f1=99.9973% fp=     0 fn=     5
no_rate trees=3 depth=3 feat=None  nodes=   3 acc=100.0000% f1=100.0000% fp=     0 fn=     0
no_rate trees=3 depth=4 feat=sqrt  nodes=  10 acc=99.9990% f1=99.9973% fp=     0 fn=     5
no_rate trees=3 depth=4 feat=None  nodes=   3 acc=100.0000% f1=100.0000% fp=     0 fn=     0
no_rate trees=3 depth=5 feat=sqrt  nodes=  10 acc=99.9990% f1=99.9973% fp=     0 fn=     5
no_rate trees=3 depth=5 feat=None  nodes=   3 acc=100.0000% f1=100.0000% fp=     0 fn=     0
no_rate trees=3 depth=6 feat=sqrt  nodes=  10 acc=99.9990% f1=99.9973% fp=     0 fn=     5
no_rate trees=3 depth=6 feat=None  nodes=   3 acc=100.0000% f1=100.0000% fp=     0 fn=     0
no_rate trees=3 depth=8 feat=sqrt  nodes=  10 acc=99.9990% f1=99.9973% fp=     0 fn=     5
no_rate trees=3 depth=8 feat=None  nodes=   3 acc=100.0000% f1=100.0000% fp=     0 fn=     0
no_rate trees=5 depth=2 feat=sqrt  nodes=  10 acc=99.9990% f1=99.9973% fp=     0 fn=     5
no_rate trees=5 depth=2 feat=None  nodes=   5 acc=100.0000% f1=100.0000% fp=     0 fn=     0
no_rate trees=5 depth=3 feat=sqrt  nodes=  15 acc=99.9990% f1=99.9973% fp=     0 fn=     5
no_rate trees=5 depth=3 feat=None  nodes=   5 acc=100.0000% f1=100.0000% fp=     0 fn=     0
no_rate trees=5 depth=4 feat=sqrt  nodes=  17 acc=99.9990% f1=99.9973% fp=     0 fn=     5
no_rate trees=5 depth=4 feat=None  nodes=   5 acc=100.0000% f1=100.0000% fp=     0 fn=     0
no_rate trees=5 depth=5 feat=sqrt  nodes=  17 acc=99.9990% f1=99.9973% fp=     0 fn=     5
no_rate trees=5 depth=5 feat=None  nodes=   5 acc=100.0000% f1=100.0000% fp=     0 fn=     0
no_rate trees=5 depth=6 feat=sqrt  nodes=  17 acc=99.9990% f1=99.9973% fp=     0 fn=     5
no_rate trees=5 depth=6 feat=None  nodes=   5 acc=100.0000% f1=100.0000% fp=     0 fn=     0
no_rate trees=5 depth=8 feat=sqrt  nodes=  17 acc=99.9990% f1=99.9973% fp=     0 fn=     5
no_rate trees=5 depth=8 feat=None  nodes=   5 acc=100.0000% f1=100.0000% fp=     0 fn=     0
no_rate trees=7 depth=2 feat=sqrt  nodes=  14 acc=99.9990% f1=99.9973% fp=     0 fn=     5
no_rate trees=7 depth=2 feat=None  nodes=   7 acc=100.0000% f1=100.0000% fp=     0 fn=     0
no_rate trees=7 depth=3 feat=sqrt  nodes=  21 acc=99.9990% f1=99.9973% fp=     0 fn=     5
no_rate trees=7 depth=3 feat=None  nodes=   7 acc=100.0000% f1=100.0000% fp=     0 fn=     0
no_rate trees=7 depth=4 feat=sqrt  nodes=  23 acc=99.9990% f1=99.9973% fp=     0 fn=     5
no_rate trees=7 depth=4 feat=None  nodes=   7 acc=100.0000% f1=100.0000% fp=     0 fn=     0
no_rate trees=7 depth=5 feat=sqrt  nodes=  23 acc=99.9990% f1=99.9973% fp=     0 fn=     5
no_rate trees=7 depth=5 feat=None  nodes=   7 acc=100.0000% f1=100.0000% fp=     0 fn=     0
no_rate trees=7 depth=6 feat=sqrt  nodes=  23 acc=99.9990% f1=99.9973% fp=     0 fn=     5
no_rate trees=7 depth=6 feat=None  nodes=   7 acc=100.0000% f1=100.0000% fp=     0 fn=     0
no_rate trees=7 depth=8 feat=sqrt  nodes=  23 acc=99.9990% f1=99.9973% fp=     0 fn=     5
no_rate trees=7 depth=8 feat=None  nodes=   7 acc=100.0000% f1=100.0000% fp=     0 fn=     0
no_rate trees=9 depth=2 feat=sqrt  nodes=  17 acc=99.9990% f1=99.9973% fp=     0 fn=     5
no_rate trees=9 depth=2 feat=None  nodes=   9 acc=100.0000% f1=100.0000% fp=     0 fn=     0
no_rate trees=9 depth=3 feat=sqrt  nodes=  25 acc=100.0000% f1=100.0000% fp=     0 fn=     0
no_rate trees=9 depth=3 feat=None  nodes=   9 acc=100.0000% f1=100.0000% fp=     0 fn=     0
no_rate trees=9 depth=4 feat=sqrt  nodes=  28 acc=100.0000% f1=100.0000% fp=     0 fn=     0
no_rate trees=9 depth=4 feat=None  nodes=   9 acc=100.0000% f1=100.0000% fp=     0 fn=     0
no_rate trees=9 depth=5 feat=sqrt  nodes=  29 acc=100.0000% f1=100.0000% fp=     0 fn=     0
no_rate trees=9 depth=5 feat=None  nodes=   9 acc=100.0000% f1=100.0000% fp=     0 fn=     0
no_rate trees=9 depth=6 feat=sqrt  nodes=  29 acc=100.0000% f1=100.0000% fp=     0 fn=     0
no_rate trees=9 depth=6 feat=None  nodes=   9 acc=100.0000% f1=100.0000% fp=     0 fn=     0
no_rate trees=9 depth=8 feat=sqrt  nodes=  29 acc=100.0000% f1=100.0000% fp=     0 fn=     0
no_rate trees=9 depth=8 feat=None  nodes=   9 acc=100.0000% f1=100.0000% fp=     0 fn=     0
paper   trees=1 depth=2 feat=sqrt  nodes=   2 acc=82.2251% f1= 0.0000% fp=     0 fn= 93453
paper   trees=1 depth=2 feat=None  nodes=   2 acc=82.2251% f1= 0.0000% fp=     0 fn= 93453
paper   trees=1 depth=3 feat=sqrt  nodes=   3 acc=95.4793% f1=88.6222% fp= 22880 fn=   888
paper   trees=1 depth=3 feat=None  nodes=   3 acc=95.4793% f1=88.6222% fp= 22880 fn=   888
paper   trees=1 depth=4 feat=sqrt  nodes=   5 acc=95.4793% f1=88.6222% fp= 22880 fn=   888
paper   trees=1 depth=4 feat=None  nodes=   5 acc=95.4793% f1=88.6222% fp= 22880 fn=   888
paper   trees=1 depth=5 feat=sqrt  nodes=   6 acc=97.7798% f1=93.9810% fp=  9351 fn=  2322
paper   trees=1 depth=5 feat=None  nodes=   6 acc=97.7798% f1=93.9810% fp=  9351 fn=  2322
paper   trees=1 depth=6 feat=sqrt  nodes=   8 acc=97.9898% f1=94.0200% fp=   201 fn= 10368
paper   trees=1 depth=6 feat=None  nodes=   8 acc=97.9898% f1=94.0200% fp=   201 fn= 10368
paper   trees=1 depth=8 feat=sqrt  nodes=  10 acc=99.2789% f1=97.9366% fp=   305 fn=  3486
paper   trees=1 depth=8 feat=None  nodes=  10 acc=99.2789% f1=97.9366% fp=   305 fn=  3486
paper   trees=3 depth=2 feat=sqrt  nodes=   6 acc=82.2251% f1= 0.0000% fp=     0 fn= 93453
paper   trees=3 depth=2 feat=None  nodes=   6 acc=82.2251% f1= 0.0000% fp=     0 fn= 93453
paper   trees=3 depth=3 feat=sqrt  nodes=   9 acc=95.4793% f1=88.6222% fp= 22880 fn=   888
paper   trees=3 depth=3 feat=None  nodes=   9 acc=95.4793% f1=88.6222% fp= 22880 fn=   888
paper   trees=3 depth=4 feat=sqrt  nodes=  15 acc=95.4793% f1=88.6222% fp= 22880 fn=   888
paper   trees=3 depth=4 feat=None  nodes=  15 acc=95.4793% f1=88.6222% fp= 22880 fn=   888
paper   trees=3 depth=5 feat=sqrt  nodes=  18 acc=97.7798% f1=93.9810% fp=  9351 fn=  2322
paper   trees=3 depth=5 feat=None  nodes=  18 acc=97.7798% f1=93.9810% fp=  9351 fn=  2322
paper   trees=3 depth=6 feat=sqrt  nodes=  24 acc=97.9898% f1=94.0200% fp=   201 fn= 10368
paper   trees=3 depth=6 feat=None  nodes=  24 acc=97.9898% f1=94.0200% fp=   201 fn= 10368
paper   trees=3 depth=8 feat=sqrt  nodes=  32 acc=99.2789% f1=97.9366% fp=   305 fn=  3486
paper   trees=3 depth=8 feat=None  nodes=  32 acc=99.2789% f1=97.9366% fp=   305 fn=  3486
paper   trees=5 depth=2 feat=sqrt  nodes=  10 acc=82.2251% f1= 0.0000% fp=     0 fn= 93453
paper   trees=5 depth=2 feat=None  nodes=  10 acc=82.2251% f1= 0.0000% fp=     0 fn= 93453
paper   trees=5 depth=3 feat=sqrt  nodes=  15 acc=95.4793% f1=88.6222% fp= 22880 fn=   888
paper   trees=5 depth=3 feat=None  nodes=  15 acc=95.4793% f1=88.6222% fp= 22880 fn=   888
paper   trees=5 depth=4 feat=sqrt  nodes=  25 acc=95.4793% f1=88.6222% fp= 22880 fn=   888
paper   trees=5 depth=4 feat=None  nodes=  25 acc=95.4793% f1=88.6222% fp= 22880 fn=   888
paper   trees=5 depth=5 feat=sqrt  nodes=  30 acc=97.7798% f1=93.9810% fp=  9351 fn=  2322
paper   trees=5 depth=5 feat=None  nodes=  30 acc=97.7798% f1=93.9810% fp=  9351 fn=  2322
paper   trees=5 depth=6 feat=sqrt  nodes=  40 acc=97.9898% f1=94.0200% fp=   201 fn= 10368
paper   trees=5 depth=6 feat=None  nodes=  40 acc=97.9898% f1=94.0200% fp=   201 fn= 10368
paper   trees=5 depth=8 feat=sqrt  nodes=  54 acc=99.2789% f1=97.9366% fp=   305 fn=  3486
paper   trees=5 depth=8 feat=None  nodes=  54 acc=99.2789% f1=97.9366% fp=   305 fn=  3486
paper   trees=7 depth=2 feat=sqrt  nodes=  14 acc=82.2251% f1= 0.0000% fp=     0 fn= 93453
paper   trees=7 depth=2 feat=None  nodes=  14 acc=82.2251% f1= 0.0000% fp=     0 fn= 93453
paper   trees=7 depth=3 feat=sqrt  nodes=  21 acc=95.4793% f1=88.6222% fp= 22880 fn=   888
paper   trees=7 depth=3 feat=None  nodes=  21 acc=95.4793% f1=88.6222% fp= 22880 fn=   888
paper   trees=7 depth=4 feat=sqrt  nodes=  35 acc=95.4793% f1=88.6222% fp= 22880 fn=   888
paper   trees=7 depth=4 feat=None  nodes=  35 acc=95.4793% f1=88.6222% fp= 22880 fn=   888
paper   trees=7 depth=5 feat=sqrt  nodes=  42 acc=97.7798% f1=93.9810% fp=  9351 fn=  2322
paper   trees=7 depth=5 feat=None  nodes=  42 acc=97.7798% f1=93.9810% fp=  9351 fn=  2322
paper   trees=7 depth=6 feat=sqrt  nodes=  56 acc=97.9898% f1=94.0200% fp=   201 fn= 10368
paper   trees=7 depth=6 feat=None  nodes=  56 acc=97.9898% f1=94.0200% fp=   201 fn= 10368
paper   trees=7 depth=8 feat=sqrt  nodes=  75 acc=99.2789% f1=97.9366% fp=   305 fn=  3486
paper   trees=7 depth=8 feat=None  nodes=  75 acc=99.2789% f1=97.9366% fp=   305 fn=  3486
paper   trees=9 depth=2 feat=sqrt  nodes=  18 acc=82.2251% f1= 0.0000% fp=     0 fn= 93453
paper   trees=9 depth=2 feat=None  nodes=  18 acc=82.2251% f1= 0.0000% fp=     0 fn= 93453
paper   trees=9 depth=3 feat=sqrt  nodes=  28 acc=95.4793% f1=88.6222% fp= 22880 fn=   888
paper   trees=9 depth=3 feat=None  nodes=  27 acc=95.4793% f1=88.6222% fp= 22880 fn=   888
paper   trees=9 depth=4 feat=sqrt  nodes=  47 acc=95.4793% f1=88.6222% fp= 22880 fn=   888
paper   trees=9 depth=4 feat=None  nodes=  45 acc=95.4793% f1=88.6222% fp= 22880 fn=   888
paper   trees=9 depth=5 feat=sqrt  nodes=  57 acc=97.7798% f1=93.9810% fp=  9351 fn=  2322
paper   trees=9 depth=5 feat=None  nodes=  54 acc=97.7798% f1=93.9810% fp=  9351 fn=  2322
paper   trees=9 depth=6 feat=sqrt  nodes=  75 acc=97.9898% f1=94.0200% fp=   201 fn= 10368
paper   trees=9 depth=6 feat=None  nodes=  72 acc=97.9898% f1=94.0200% fp=   201 fn= 10368
paper   trees=9 depth=8 feat=sqrt  nodes=  99 acc=99.2789% f1=97.9366% fp=   305 fn=  3486
paper   trees=9 depth=8 feat=None  nodes=  97 acc=99.2789% f1=97.9366% fp=   305 fn=  3486

wrote results/realatk_zero-id/sweep.csv  (240 configurations)

smallest configuration reaching each accuracy target:
  >=  98.0000%  timing  trees=1 depth=1 nodes=   1 acc=100.0000% fp=0 fn=0
  >=  99.0000%  timing  trees=1 depth=1 nodes=   1 acc=100.0000% fp=0 fn=0
  >=  99.5000%  timing  trees=1 depth=1 nodes=   1 acc=100.0000% fp=0 fn=0
  >=  99.9000%  timing  trees=1 depth=1 nodes=   1 acc=100.0000% fp=0 fn=0
  >=  99.9900%  timing  trees=1 depth=1 nodes=   1 acc=100.0000% fp=0 fn=0
  >= 100.0000%  timing  trees=1 depth=1 nodes=   1 acc=100.0000% fp=0 fn=0
