timing  trees=1 depth=2 feat=sqrt  nodes=   2 acc=99.9998% f1=99.9986% fp=     0 fn=     4
timing  trees=1 depth=2 feat=None  nodes=   2 acc=100.0000% f1=100.0000% fp=     0 fn=     0
timing  trees=1 depth=3 feat=sqrt  nodes=   2 acc=99.9998% f1=99.9986% fp=     0 fn=     4
timing  trees=1 depth=3 feat=None  nodes=   2 acc=100.0000% f1=100.0000% fp=     0 fn=     0
timing  trees=1 depth=4 feat=sqrt  nodes=   2 acc=99.9998% f1=99.9986% fp=     0 fn=     4
timing  trees=1 depth=4 feat=None  nodes=   2 acc=100.0000% f1=100.0000% fp=     0 fn=     0
timing  trees=1 depth=5 feat=sqrt  nodes=   2 acc=99.9998% f1=99.9986% fp=     0 fn=     4
timing  trees=1 depth=5 feat=None  nodes=   2 acc=100.0000% f1=100.0000% fp=     0 fn=     0
timing  trees=1 depth=6 feat=sqrt  nodes=   2 acc=99.9998% f1=99.9986% fp=     0 fn=     4
timing  trees=1 depth=6 feat=None  nodes=   2 acc=100.0000% f1=100.0000% fp=     0 fn=     0
timing  trees=1 depth=8 feat=sqrt  nodes=   2 acc=99.9998% f1=99.9986% fp=     0 fn=     4
timing  trees=1 depth=8 feat=None  nodes=   2 acc=100.0000% f1=100.0000% fp=     0 fn=     0
timing  trees=3 depth=2 feat=sqrt  nodes=   6 acc=100.0000% f1=100.0000% fp=     0 fn=     0
timing  trees=3 depth=2 feat=None  nodes=   6 acc=100.0000% f1=100.0000% fp=     0 fn=     0
timing  trees=3 depth=3 feat=sqrt  nodes=   8 acc=100.0000% f1=100.0000% fp=     0 fn=     0
timing  trees=3 depth=3 feat=None  nodes=   6 acc=100.0000% f1=100.0000% fp=     0 fn=     0
timing  trees=3 depth=4 feat=sqrt  nodes=   8 acc=100.0000% f1=100.0000% fp=     0 fn=     0
timing  trees=3 depth=4 feat=None  nodes=   6 acc=100.0000% f1=100.0000% fp=     0 fn=     0
timing  trees=3 depth=5 feat=sqrt  nodes=   8 acc=100.0000% f1=100.0000% fp=     0 fn=     0
timing  trees=3 depth=5 feat=None  nodes=   6 acc=100.0000% f1=100.0000% fp=     0 fn=     0
timing  trees=3 depth=6 feat=sqrt  nodes=   8 acc=100.0000% f1=100.0000% fp=     0 fn=     0
timing  trees=3 depth=6 feat=None  nodes=   6 acc=100.0000% f1=100.0000% fp=     0 fn=     0
timing  trees=3 depth=8 feat=sqrt  nodes=   8 acc=100.0000% f1=100.0000% fp=     0 fn=     0
timing  trees=3 depth=8 feat=None  nodes=   6 acc=100.0000% f1=100.0000% fp=     0 fn=     0
timing  trees=5 depth=2 feat=sqrt  nodes=  11 acc=99.9999% f1=99.9997% fp=     0 fn=     1
timing  trees=5 depth=2 feat=None  nodes=   8 acc=100.0000% f1=100.0000% fp=     0 fn=     0
timing  trees=5 depth=3 feat=sqrt  nodes=  15 acc=100.0000% f1=100.0000% fp=     0 fn=     0
timing  trees=5 depth=3 feat=None  nodes=   8 acc=100.0000% f1=100.0000% fp=     0 fn=     0
timing  trees=5 depth=4 feat=sqrt  nodes=  25 acc=99.9999% f1=99.9997% fp=     0 fn=     1
timing  trees=5 depth=4 feat=None  nodes=   8 acc=100.0000% f1=100.0000% fp=     0 fn=     0
timing  trees=5 depth=5 feat=sqrt  nodes=  23 acc=99.9999% f1=99.9997% fp=     0 fn=     1
timing  trees=5 depth=5 feat=None  nodes=   8 acc=100.0000% f1=100.0000% fp=     0 fn=     0
timing  trees=5 depth=6 feat=sqrt  nodes=  29 acc=99.9999% f1=99.9997% fp=     0 fn=     1
timing  trees=5 depth=6 feat=None  nodes=   8 acc=100.0000% f1=100.0000% fp=     0 fn=     0
timing  trees=5 depth=8 feat=sqrt  nodes=  26 acc=99.9999% f1=99.9997% fp=     0 fn=     1
timing  trees=5 depth=8 feat=None  nodes=   8 acc=100.0000% f1=100.0000% fp=     0 fn=     0
timing  trees=7 depth=2 feat=sqrt  nodes=  15 acc=100.0000% f1=100.0000% fp=     0 fn=     0
timing  trees=7 depth=2 feat=None  nodes=  10 acc=100.0000% f1=100.0000% fp=     0 fn=     0
timing  trees=7 depth=3 feat=sqrt  nodes=  23 acc=100.0000% f1=100.0000% fp=     0 fn=     0
timing  trees=7 depth=3 feat=None  nodes=  10 acc=100.0000% f1=100.0000% fp=     0 fn=     0
timing  trees=7 depth=4 feat=sqrt  nodes=  34 acc=99.9999% f1=99.9997% fp=     0 fn=     1
timing  trees=7 depth=4 feat=None  nodes=  10 acc=100.0000% f1=100.0000% fp=     0 fn=     0
timing  trees=7 depth=5 feat=sqrt  nodes=  34 acc=100.0000% f1=100.0000% fp=     0 fn=     0
timing  trees=7 depth=5 feat=None  nodes=  10 acc=100.0000% f1=100.0000% fp=     0 fn=     0
timing  trees=7 depth=6 feat=sqrt  nodes=  40 acc=100.0000% f1=100.0000% fp=     0 fn=     0
timing  trees=7 depth=6 feat=None  nodes=  10 acc=100.0000% f1=100.0000% fp=     0 fn=     0
timing  trees=7 depth=8 feat=sqrt  nodes=  37 acc=100.0000% f1=100.0000% fp=     0 fn=     0
timing  trees=7 depth=8 feat=None  nodes=  10 acc=100.0000% f1=100.0000% fp=     0 fn=     0
timing  trees=9 depth=2 feat=sqrt  nodes=  21 acc=99.9999% f1=99.9997% fp=     0 fn=     1
timing  trees=9 depth=2 feat=None  nodes=  13 acc=100.0000% f1=100.0000% fp=     0 fn=     0
timing  trees=9 depth=3 feat=sqrt  nodes=  34 acc=99.9999% f1=99.9997% fp=     0 fn=     1
timing  trees=9 depth=3 feat=None  nodes=  13 acc=100.0000% f1=100.0000% fp=     0 fn=     0
timing  trees=9 depth=4 feat=sqrt  nodes=  46 acc=99.9999% f1=99.9997% fp=     0 fn=     1
timing  trees=9 depth=4 feat=None  nodes=  13 acc=100.0000% f1=100.0000% fp=     0 fn=     0
timing  trees=9 depth=5 feat=sqrt  nodes=  47 acc=99.9999% f1=99.9997% fp=     0 fn=     1
timing  trees=9 depth=5 feat=None  nodes=  13 acc=100.0000% f1=100.0000% fp=     0 fn=     0
timing  trees=9 depth=6 feat=sqrt  nodes=  53 acc=99.9999% f1=99.9997% fp=     0 fn=     1
timing  trees=9 depth=6 feat=None  nodes=  13 acc=100.0000% f1=100.0000% fp=     0 fn=     0
timing  trees=9 depth=8 feat=sqrt  nodes=  50 acc=99.9999% f1=99.9997% fp=     0 fn=     1
timing  trees=9 depth=8 feat=None  nodes=  13 acc=100.0000% f1=100.0000% fp=     0 fn=     0
no_payload trees=1 depth=2 feat=sqrt  nodes=   3 acc=93.5700% f1=44.1657% fp=   156 fn=105913
no_payload trees=1 depth=2 feat=None  nodes=   2 acc=100.0000% f1=100.0000% fp=     0 fn=     0
no_payload trees=1 depth=3 feat=sqrt  nodes=   5 acc=95.1154% f1=62.5500% fp=     4 fn= 80573
no_payload trees=1 depth=3 feat=None  nodes=   2 acc=100.0000% f1=100.0000% fp=     0 fn=     0
no_payload trees=1 depth=4 feat=sqrt  nodes=   7 acc=99.9999% f1=99.9993% fp=     0 fn=     2
no_payload trees=1 depth=4 feat=None  nodes=   2 acc=100.0000% f1=100.0000% fp=     0 fn=     0
no_payload trees=1 depth=5 feat=sqrt  nodes=   7 acc=99.9999% f1=99.9993% fp=     0 fn=     2
no_payload trees=1 depth=5 feat=None  nodes=   2 acc=100.0000% f1=100.0000% fp=     0 fn=     0
no_payload trees=1 depth=6 feat=sqrt  nodes=   7 acc=99.9999% f1=99.9993% fp=     0 fn=     2
no_payload trees=1 depth=6 feat=None  nodes=   2 acc=100.0000% f1=100.0000% fp=     0 fn=     0
no_payload trees=1 depth=8 feat=sqrt  nodes=   7 acc=99.9999% f1=99.9993% fp=     0 fn=     2
no_payload trees=1 depth=8 feat=None  nodes=   2 acc=100.0000% f1=100.0000% fp=     0 fn=     0
no_payload trees=3 depth=2 feat=sqrt  nodes=   8 acc=99.3668% f1=96.3387% fp=     0 fn= 10445
no_payload trees=3 depth=2 feat=None  nodes=   6 acc=100.0000% f1=100.0000% fp=     0 fn=     0
no_payload trees=3 depth=3 feat=sqrt  nodes=  11 acc=99.9999% f1=99.9997% fp=     0 fn=     1
no_payload trees=3 depth=3 feat=None  nodes=   6 acc=100.0000% f1=100.0000% fp=     0 fn=     0
no_payload trees=3 depth=4 feat=sqrt  nodes=  15 acc=99.9999% f1=99.9993% fp=     0 fn=     2
no_payload trees=3 depth=4 feat=None  nodes=   6 acc=100.0000% f1=100.0000% fp=     0 fn=     0
no_payload trees=3 depth=5 feat=sqrt  nodes=  15 acc=99.9999% f1=99.9993% fp=     0 fn=     2
no_payload trees=3 depth=5 feat=None  nodes=   6 acc=100.0000% f1=100.0000% fp=     0 fn=     0
no_payload trees=3 depth=6 feat=sqrt  nodes=  15 acc=99.9999% f1=99.9993% fp=     0 fn=     2
no_payload trees=3 depth=6 feat=None  nodes=   6 acc=100.0000% f1=100.0000% fp=     0 fn=     0
no_payload trees=3 depth=8 feat=sqrt  nodes=  15 acc=99.9999% f1=99.9993% fp=     0 fn=     2
no_payload trees=3 depth=8 feat=None  nodes=   6 acc=100.0000% f1=100.0000% fp=     0 fn=     0
no_payload trees=5 depth=2 feat=sqrt  nodes=  13 acc=99.3668% f1=96.3387% fp=     0 fn= 10445
no_payload trees=5 depth=2 feat=None  nodes=   8 acc=100.0000% f1=100.0000% fp=     0 fn=     0
no_payload trees=5 depth=3 feat=sqrt  nodes=  19 acc=99.9999% f1=99.9993% fp=     0 fn=     2
no_payload trees=5 depth=3 feat=None  nodes=   8 acc=100.0000% f1=100.0000% fp=     0 fn=     0
no_payload trees=5 depth=4 feat=sqrt  nodes=  29 acc=99.9999% f1=99.9993% fp=     0 fn=     2
no_payload trees=5 depth=4 feat=None  nodes=   8 acc=100.0000% f1=100.0000% fp=     0 fn=     0
no_payload trees=5 depth=5 feat=sqrt  nodes=  37 acc=99.9999% f1=99.9993% fp=     0 fn=     2
no_payload trees=5 depth=5 feat=None  nodes=   8 acc=100.0000% f1=100.0000% fp=     0 fn=     0
no_payload trees=5 depth=6 feat=sqrt  nodes=  34 acc=99.9999% f1=99.9993% fp=     0 fn=     2
no_payload trees=5 depth=6 feat=None  nodes=   8 acc=100.0000% f1=100.0000% fp=     0 fn=     0
no_payload trees=5 depth=8 feat=sqrt  nodes=  39 acc=99.9999% f1=99.9993% fp=     0 fn=     2
no_payload trees=5 depth=8 feat=None  nodes=   8 acc=100.0000% f1=100.0000% fp=     0 fn=     0
no_payload trees=7 depth=2 feat=sqrt  nodes=  19 acc=99.3668% f1=96.3387% fp=     0 fn= 10445
no_payload trees=7 depth=2 feat=None  nodes=  10 acc=100.0000% f1=100.0000% fp=     0 fn=     0
no_payload trees=7 depth=3 feat=sqrt  nodes=  30 acc=99.9999% f1=99.9993% fp=     0 fn=     2
no_payload trees=7 depth=3 feat=None  nodes=  10 acc=100.0000% f1=100.0000% fp=     0 fn=     0
no_payload trees=7 depth=4 feat=sqrt  nodes=  44 acc=99.9999% f1=99.9993% fp=     0 fn=     2
no_payload trees=7 depth=4 feat=None  nodes=  10 acc=100.0000% f1=100.0000% fp=     0 fn=     0
no_payload trees=7 depth=5 feat=sqrt  nodes=  56 acc=99.9998% f1=99.9990% fp=     0 fn=     3
no_payload trees=7 depth=5 feat=None  nodes=  10 acc=100.0000% f1=100.0000% fp=     0 fn=     0
no_payload trees=7 depth=6 feat=sqrt  nodes=  55 acc=99.9998% f1=99.9990% fp=     0 fn=     3
no_payload trees=7 depth=6 feat=None  nodes=  10 acc=100.0000% f1=100.0000% fp=     0 fn=     0
no_payload trees=7 depth=8 feat=sqrt  nodes=  60 acc=99.9999% f1=99.9993% fp=     0 fn=     2
no_payload trees=7 depth=8 feat=None  nodes=  10 acc=100.0000% f1=100.0000% fp=     0 fn=     0
no_payload trees=9 depth=2 feat=sqrt  nodes=  24 acc=99.9999% f1=99.9993% fp=     0 fn=     2
no_payload trees=9 depth=2 feat=None  nodes=  13 acc=100.0000% f1=100.0000% fp=     0 fn=     0
no_payload trees=9 depth=3 feat=sqrt  nodes=  36 acc=99.9999% f1=99.9993% fp=     0 fn=     2
no_payload trees=9 depth=3 feat=None  nodes=  13 acc=100.0000% f1=100.0000% fp=     0 fn=     0
no_payload trees=9 depth=4 feat=sqrt  nodes=  50 acc=99.9999% f1=99.9993% fp=     0 fn=     2
no_payload trees=9 depth=4 feat=None  nodes=  13 acc=100.0000% f1=100.0000% fp=     0 fn=     0
no_payload trees=9 depth=5 feat=sqrt  nodes=  62 acc=99.9999% f1=99.9993% fp=     0 fn=     2
no_payload trees=9 depth=5 feat=None  nodes=  13 acc=100.0000% f1=100.0000% fp=     0 fn=     0
no_payload trees=9 depth=6 feat=sqrt  nodes=  61 acc=99.9999% f1=99.9993% fp=     0 fn=     2
no_payload trees=9 depth=6 feat=None  nodes=  13 acc=100.0000% f1=100.0000% fp=     0 fn=     0
no_payload trees=9 depth=8 feat=sqrt  nodes=  66 acc=99.9999% f1=99.9993% fp=     0 fn=     2
no_payload trees=9 depth=8 feat=None  nodes=  13 acc=100.0000% f1=100.0000% fp=     0 fn=     0
no_rate trees=1 depth=2 feat=sqrt  nodes=   2 acc=99.9225% f1=99.5657% fp=    18 fn=  1261
no_rate trees=1 depth=2 feat=None  nodes=   2 acc=100.0000% f1=100.0000% fp=     0 fn=     0
no_rate trees=1 depth=3 feat=sqrt  nodes=   4 acc=99.9225% f1=99.5657% fp=    18 fn=  1261
no_rate trees=1 depth=3 feat=None  nodes=   2 acc=100.0000% f1=100.0000% fp=     0 fn=     0
no_rate trees=1 depth=4 feat=sqrt  nodes=   7 acc=99.9545% f1=99.7465% fp=   429 fn=   321
no_rate trees=1 depth=4 feat=None  nodes=   2 acc=100.0000% f1=100.0000% fp=     0 fn=     0
no_rate trees=1 depth=5 feat=sqrt  nodes=   5 acc=99.9225% f1=99.5657% fp=    18 fn=  1261
no_rate trees=1 depth=5 feat=None  nodes=   2 acc=100.0000% f1=100.0000% fp=     0 fn=     0
no_rate trees=1 depth=6 feat=sqrt  nodes=   6 acc=99.9225% f1=99.5657% fp=    18 fn=  1261
no_rate trees=1 depth=6 feat=None  nodes=   2 acc=100.0000% f1=100.0000% fp=     0 fn=     0
no_rate trees=1 depth=8 feat=sqrt  nodes=   8 acc=99.9989% f1=99.9939% fp=    18 fn=     0
no_rate trees=1 depth=8 feat=None  nodes=   2 acc=100.0000% f1=100.0000% fp=     0 fn=     0
no_rate trees=3 depth=2 feat=sqrt  nodes=   7 acc=99.9225% f1=99.5657% fp=    18 fn=  1261
no_rate trees=3 depth=2 feat=None  nodes=   6 acc=100.0000% f1=100.0000% fp=     0 fn=     0
no_rate trees=3 depth=3 feat=sqrt  nodes=  12 acc=99.9930% f1=99.9611% fp=    18 fn=    97
no_rate trees=3 depth=3 feat=None  nodes=   6 acc=100.0000% f1=100.0000% fp=     0 fn=     0
no_rate trees=3 depth=4 feat=sqrt  nodes=  17 acc=99.9942% f1=99.9679% fp=    18 fn=    77
no_rate trees=3 depth=4 feat=None  nodes=   6 acc=100.0000% f1=100.0000% fp=     0 fn=     0
no_rate trees=3 depth=5 feat=sqrt  nodes=  19 acc=99.9975% f1=99.9858% fp=    18 fn=    24
no_rate trees=3 depth=5 feat=None  nodes=   6 acc=100.0000% f1=100.0000% fp=     0 fn=     0
no_rate trees=3 depth=6 feat=sqrt  nodes=  23 acc=99.9993% f1=99.9959% fp=    12 fn=     0
no_rate trees=3 depth=6 feat=None  nodes=   6 acc=100.0000% f1=100.0000% fp=     0 fn=     0
no_rate trees=3 depth=8 feat=sqrt  nodes=  32 acc=99.9995% f1=99.9970% fp=     9 fn=     0
no_rate trees=3 depth=8 feat=None  nodes=   6 acc=100.0000% f1=100.0000% fp=     0 fn=     0
no_rate trees=5 depth=2 feat=sqrt  nodes=  12 acc=99.9225% f1=99.5657% fp=    18 fn=  1261
no_rate trees=5 depth=2 feat=None  nodes=   8 acc=100.0000% f1=100.0000% fp=     0 fn=     0
no_rate trees=5 depth=3 feat=sqrt  nodes=  20 acc=99.9699% f1=99.8320% fp=    18 fn=   478
no_rate trees=5 depth=3 feat=None  nodes=   8 acc=100.0000% f1=100.0000% fp=     0 fn=     0
no_rate trees=5 depth=4 feat=sqrt  nodes=  30 acc=99.9807% f1=99.8924% fp=    18 fn=   300
no_rate trees=5 depth=4 feat=None  nodes=   8 acc=100.0000% f1=100.0000% fp=     0 fn=     0
no_rate trees=5 depth=5 feat=sqrt  nodes=  41 acc=99.9982% f1=99.9899% fp=    18 fn=    12
no_rate trees=5 depth=5 feat=None  nodes=   8 acc=100.0000% f1=100.0000% fp=     0 fn=     0
no_rate trees=5 depth=6 feat=sqrt  nodes=  52 acc=99.9978% f1=99.9878% fp=    12 fn=    24
no_rate trees=5 depth=6 feat=None  nodes=   8 acc=100.0000% f1=100.0000% fp=     0 fn=     0
no_rate trees=5 depth=8 feat=sqrt  nodes=  55 acc=99.9995% f1=99.9970% fp=     9 fn=     0
no_rate trees=5 depth=8 feat=None  nodes=   8 acc=100.0000% f1=100.0000% fp=     0 fn=     0
no_rate trees=7 depth=2 feat=sqrt  nodes=  17 acc=99.9236% f1=99.5721% fp=     0 fn=  1260
no_rate trees=7 depth=2 feat=None  nodes=  10 acc=100.0000% f1=100.0000% fp=     0 fn=     0
no_rate trees=7 depth=3 feat=sqrt  nodes=  26 acc=99.9950% f1=99.9719% fp=     0 fn=    83
no_rate trees=7 depth=3 feat=None  nodes=  10 acc=100.0000% f1=100.0000% fp=     0 fn=     0
no_rate trees=7 depth=4 feat=sqrt  nodes=  36 acc=99.9996% f1=99.9980% fp=     0 fn=     6
no_rate trees=7 depth=4 feat=None  nodes=  10 acc=100.0000% f1=100.0000% fp=     0 fn=     0
no_rate trees=7 depth=5 feat=sqrt  nodes=  47 acc=100.0000% f1=100.0000% fp=     0 fn=     0
no_rate trees=7 depth=5 feat=None  nodes=  10 acc=100.0000% f1=100.0000% fp=     0 fn=     0
no_rate trees=7 depth=6 feat=sqrt  nodes=  58 acc=100.0000% f1=100.0000% fp=     0 fn=     0
no_rate trees=7 depth=6 feat=None  nodes=  10 acc=100.0000% f1=100.0000% fp=     0 fn=     0
no_rate trees=7 depth=8 feat=sqrt  nodes=  61 acc=100.0000% f1=100.0000% fp=     0 fn=     0
no_rate trees=7 depth=8 feat=None  nodes=  10 acc=100.0000% f1=100.0000% fp=     0 fn=     0
no_rate trees=9 depth=2 feat=sqrt  nodes=  20 acc=99.9236% f1=99.5721% fp=     0 fn=  1260
no_rate trees=9 depth=2 feat=None  nodes=  13 acc=100.0000% f1=100.0000% fp=     0 fn=     0
no_rate trees=9 depth=3 feat=sqrt  nodes=  30 acc=100.0000% f1=100.0000% fp=     0 fn=     0
no_rate trees=9 depth=3 feat=None  nodes=  13 acc=100.0000% f1=100.0000% fp=     0 fn=     0
no_rate trees=9 depth=4 feat=sqrt  nodes=  41 acc=100.0000% f1=100.0000% fp=     0 fn=     0
no_rate trees=9 depth=4 feat=None  nodes=  13 acc=100.0000% f1=100.0000% fp=     0 fn=     0
no_rate trees=9 depth=5 feat=sqrt  nodes=  53 acc=100.0000% f1=100.0000% fp=     0 fn=     0
no_rate trees=9 depth=5 feat=None  nodes=  13 acc=100.0000% f1=100.0000% fp=     0 fn=     0
no_rate trees=9 depth=6 feat=sqrt  nodes=  64 acc=100.0000% f1=100.0000% fp=     0 fn=     0
no_rate trees=9 depth=6 feat=None  nodes=  13 acc=100.0000% f1=100.0000% fp=     0 fn=     0
no_rate trees=9 depth=8 feat=sqrt  nodes=  67 acc=100.0000% f1=100.0000% fp=     0 fn=     0
no_rate trees=9 depth=8 feat=None  nodes=  13 acc=100.0000% f1=100.0000% fp=     0 fn=     0
paper   trees=1 depth=2 feat=sqrt  nodes=   3 acc=93.3957% f1=66.2283% fp= 67903 fn= 41041
paper   trees=1 depth=2 feat=None  nodes=   3 acc=93.3957% f1=66.2283% fp= 67903 fn= 41041
paper   trees=1 depth=3 feat=sqrt  nodes=   5 acc=95.0091% f1=72.1836% fp= 41289 fn= 41041
paper   trees=1 depth=3 feat=None  nodes=   7 acc=95.0091% f1=72.1836% fp= 41289 fn= 41041
paper   trees=1 depth=4 feat=sqrt  nodes=  12 acc=96.2435% f1=80.8050% fp= 44534 fn= 17433
paper   trees=1 depth=4 feat=None  nodes=  12 acc=95.0091% f1=72.1836% fp= 41289 fn= 41041
paper   trees=1 depth=5 feat=sqrt  nodes=  17 acc=97.9135% f1=88.1461% fp= 14525 fn= 19894
paper   trees=1 depth=5 feat=None  nodes=  21 acc=97.9135% f1=88.1461% fp= 14525 fn= 19894
paper   trees=1 depth=6 feat=sqrt  nodes=  28 acc=97.8852% f1=88.0258% fp= 15246 fn= 19639
paper   trees=1 depth=6 feat=None  nodes=  32 acc=97.8852% f1=88.0258% fp= 15246 fn= 19639
paper   trees=1 depth=8 feat=sqrt  nodes=  71 acc=98.3019% f1=90.7893% fp= 18204 fn=  9808
paper   trees=1 depth=8 feat=None  nodes=  71 acc=98.2983% f1=90.7796% fp= 18393 fn=  9678
paper   trees=3 depth=2 feat=sqrt  nodes=   7 acc=84.8577% f1=54.2004% fp=249725 fn=    62
paper   trees=3 depth=2 feat=None  nodes=   9 acc=93.3957% f1=66.2283% fp= 67903 fn= 41041
paper   trees=3 depth=3 feat=sqrt  nodes=  13 acc=95.0024% f1=72.1742% fp= 41492 fn= 40948
paper   trees=3 depth=3 feat=None  nodes=  21 acc=95.0091% f1=72.1836% fp= 41289 fn= 41041
paper   trees=3 depth=4 feat=sqrt  nodes=  28 acc=95.0024% f1=72.1742% fp= 41492 fn= 40948
paper   trees=3 depth=4 feat=None  nodes=  36 acc=95.0091% f1=72.1836% fp= 41289 fn= 41041
paper   trees=3 depth=5 feat=sqrt  nodes=  47 acc=97.9067% f1=88.1198% fp= 14731 fn= 19800
paper   trees=3 depth=5 feat=None  nodes=  59 acc=97.9134% f1=88.1458% fp= 14527 fn= 19893
paper   trees=3 depth=6 feat=sqrt  nodes=  78 acc=97.8986% f1=88.0754% fp= 14815 fn= 19849
paper   trees=3 depth=6 feat=None  nodes=  90 acc=97.8852% f1=88.0258% fp= 15246 fn= 19639
paper   trees=3 depth=8 feat=sqrt  nodes= 202 acc=98.3036% f1=90.8051% fp= 18294 fn=  9689
paper   trees=3 depth=8 feat=None  nodes= 208 acc=98.3037% f1=90.8054% fp= 18293 fn=  9689
paper   trees=5 depth=2 feat=sqrt  nodes=  12 acc=84.8577% f1=54.2004% fp=249725 fn=    62
paper   trees=5 depth=2 feat=None  nodes=  15 acc=93.3957% f1=66.2283% fp= 67903 fn= 41041
paper   trees=5 depth=3 feat=sqrt  nodes=  23 acc=95.0024% f1=72.1742% fp= 41492 fn= 40948
paper   trees=5 depth=3 feat=None  nodes=  35 acc=95.0091% f1=72.1836% fp= 41289 fn= 41041
paper   trees=5 depth=4 feat=sqrt  nodes=  48 acc=95.0024% f1=72.1742% fp= 41492 fn= 40948
paper   trees=5 depth=4 feat=None  nodes=  60 acc=95.0091% f1=72.1836% fp= 41289 fn= 41041
paper   trees=5 depth=5 feat=sqrt  nodes=  81 acc=97.9068% f1=88.1200% fp= 14729 fn= 19801
paper   trees=5 depth=5 feat=None  nodes=  99 acc=97.9134% f1=88.1458% fp= 14527 fn= 19893
paper   trees=5 depth=6 feat=sqrt  nodes= 131 acc=97.8987% f1=88.0757% fp= 14813 fn= 19850
paper   trees=5 depth=6 feat=None  nodes= 151 acc=97.9076% f1=88.1202% fp= 14666 fn= 19850
paper   trees=5 depth=8 feat=sqrt  nodes= 336 acc=98.2913% f1=90.7478% fp= 18549 fn=  9637
paper   trees=5 depth=8 feat=None  nodes= 345 acc=98.2914% f1=90.7481% fp= 18548 fn=  9637
paper   trees=7 depth=2 feat=sqrt  nodes=  16 acc=84.8577% f1=54.2004% fp=249725 fn=    62
paper   trees=7 depth=2 feat=None  nodes=  21 acc=93.3957% f1=66.2283% fp= 67903 fn= 41041
paper   trees=7 depth=3 feat=sqrt  nodes=  31 acc=95.0091% f1=72.1836% fp= 41289 fn= 41041
paper   trees=7 depth=3 feat=None  nodes=  49 acc=95.0091% f1=72.1836% fp= 41289 fn= 41041
paper   trees=7 depth=4 feat=sqrt  nodes=  64 acc=95.0091% f1=72.1836% fp= 41289 fn= 41041
paper   trees=7 depth=4 feat=None  nodes=  84 acc=95.0091% f1=72.1836% fp= 41289 fn= 41041
paper   trees=7 depth=5 feat=sqrt  nodes= 111 acc=97.9134% f1=88.1458% fp= 14526 fn= 19894
paper   trees=7 depth=5 feat=None  nodes= 137 acc=97.9135% f1=88.1461% fp= 14525 fn= 19894
paper   trees=7 depth=6 feat=sqrt  nodes= 183 acc=97.8987% f1=88.0757% fp= 14813 fn= 19850
paper   trees=7 depth=6 feat=None  nodes= 211 acc=97.9053% f1=88.1010% fp= 14610 fn= 19944
paper   trees=7 depth=8 feat=sqrt  nodes= 470 acc=98.2913% f1=90.7477% fp= 18548 fn=  9638
paper   trees=7 depth=8 feat=None  nodes= 487 acc=98.2914% f1=90.7480% fp= 18547 fn=  9638
paper   trees=9 depth=2 feat=sqrt  nodes=  21 acc=84.8577% f1=54.2004% fp=249725 fn=    62
paper   trees=9 depth=2 feat=None  nodes=  27 acc=93.3957% f1=66.2283% fp= 67903 fn= 41041
paper   trees=9 depth=3 feat=sqrt  nodes=  42 acc=95.0091% f1=72.1836% fp= 41289 fn= 41041
paper   trees=9 depth=3 feat=None  nodes=  63 acc=95.0091% f1=72.1836% fp= 41289 fn= 41041
paper   trees=9 depth=4 feat=sqrt  nodes=  84 acc=95.0091% f1=72.1836% fp= 41289 fn= 41041
paper   trees=9 depth=4 feat=None  nodes= 108 acc=95.0091% f1=72.1836% fp= 41289 fn= 41041
paper   trees=9 depth=5 feat=sqrt  nodes= 146 acc=97.9134% f1=88.1458% fp= 14526 fn= 19894
paper   trees=9 depth=5 feat=None  nodes= 176 acc=97.9134% f1=88.1458% fp= 14526 fn= 19894
paper   trees=9 depth=6 feat=sqrt  nodes= 240 acc=97.8987% f1=88.0757% fp= 14813 fn= 19850
paper   trees=9 depth=6 feat=None  nodes= 270 acc=97.9054% f1=88.1014% fp= 14610 fn= 19943
paper   trees=9 depth=8 feat=sqrt  nodes= 609 acc=98.2913% f1=90.7477% fp= 18548 fn=  9638
paper   trees=9 depth=8 feat=None  nodes= 630 acc=98.2906% f1=90.7441% fp= 18560 fn=  9638

wrote results/real/sweep.csv  (240 configurations)

smallest configuration reaching each accuracy target:
  >=  98.0000%  timing  trees=1 depth=2 nodes=   2 acc=99.9998% fp=0 fn=4
  >=  99.0000%  timing  trees=1 depth=2 nodes=   2 acc=99.9998% fp=0 fn=4
  >=  99.5000%  timing  trees=1 depth=2 nodes=   2 acc=99.9998% fp=0 fn=4
  >=  99.9000%  timing  trees=1 depth=2 nodes=   2 acc=99.9998% fp=0 fn=4
  >=  99.9900%  timing  trees=1 depth=2 nodes=   2 acc=99.9998% fp=0 fn=4
  >= 100.0000%  timing  trees=1 depth=2 nodes=   2 acc=100.0000% fp=0 fn=0
