timing  trees=1 depth=2 feat=sqrt  nodes=   3 acc=99.2045% f1=96.9764% fp=  8853 fn=  2254
timing  trees=1 depth=2 feat=None  nodes=   3 acc=99.2651% f1=97.1676% fp=  5895 fn=  4366
timing  trees=1 depth=3 feat=sqrt  nodes=   6 acc=99.2086% f1=96.9061% fp=  3744 fn=  7307
timing  trees=1 depth=3 feat=None  nodes=   7 acc=99.3166% f1=97.3606% fp=  5177 fn=  4366
timing  trees=1 depth=4 feat=sqrt  nodes=  11 acc=99.2742% f1=97.2331% fp=  7840 fn=  2295
timing  trees=1 depth=4 feat=None  nodes=  15 acc=99.3452% f1=97.5081% fp=  7651 fn=  1492
timing  trees=1 depth=5 feat=sqrt  nodes=  22 acc=99.3418% f1=97.4952% fp=  7667 fn=  1523
timing  trees=1 depth=5 feat=None  nodes=  29 acc=99.4665% f1=97.9544% fp=  5425 fn=  2024
timing  trees=1 depth=6 feat=sqrt  nodes=  43 acc=99.3060% f1=97.3514% fp=  7398 fn=  2292
timing  trees=1 depth=6 feat=None  nodes=  52 acc=99.5200% f1=98.1503% fp=  4138 fn=  2564
timing  trees=1 depth=8 feat=sqrt  nodes=  85 acc=99.3926% f1=97.6828% fp=  6871 fn=  1610
timing  trees=1 depth=8 feat=None  nodes= 125 acc=99.5131% f1=98.1384% fp=  5610 fn=  1188
timing  trees=3 depth=2 feat=sqrt  nodes=   9 acc=99.2045% f1=96.9764% fp=  8853 fn=  2254
timing  trees=3 depth=2 feat=None  nodes=   9 acc=99.2651% f1=97.1676% fp=  5895 fn=  4366
timing  trees=3 depth=3 feat=sqrt  nodes=  19 acc=99.2681% f1=97.1935% fp=  6797 fn=  3422
timing  trees=3 depth=3 feat=None  nodes=  21 acc=99.3166% f1=97.3606% fp=  5177 fn=  4366
timing  trees=3 depth=4 feat=sqrt  nodes=  32 acc=99.3186% f1=97.3982% fp=  7219 fn=  2295
timing  trees=3 depth=4 feat=None  nodes=  45 acc=99.3452% f1=97.5081% fp=  7651 fn=  1492
timing  trees=3 depth=5 feat=sqrt  nodes=  64 acc=99.3838% f1=97.6508% fp=  7059 fn=  1545
timing  trees=3 depth=5 feat=None  nodes=  87 acc=99.4713% f1=97.9724% fp=  5358 fn=  2024
timing  trees=3 depth=6 feat=sqrt  nodes= 116 acc=99.2762% f1=97.2069% fp=  5593 fn=  4513
timing  trees=3 depth=6 feat=None  nodes= 156 acc=99.5311% f1=98.1913% fp=  3913 fn=  2635
timing  trees=3 depth=8 feat=sqrt  nodes= 271 acc=99.4359% f1=97.8428% fp=  6141 fn=  1736
timing  trees=3 depth=8 feat=None  nodes= 383 acc=99.5480% f1=98.2686% fp=  5037 fn=  1274
timing  trees=5 depth=2 feat=sqrt  nodes=  15 acc=99.2045% f1=96.9764% fp=  8853 fn=  2254
timing  trees=5 depth=2 feat=None  nodes=  15 acc=99.2651% f1=97.1676% fp=  5895 fn=  4366
timing  trees=5 depth=3 feat=sqrt  nodes=  31 acc=99.2850% f1=97.2422% fp=  5617 fn=  4366
timing  trees=5 depth=3 feat=None  nodes=  35 acc=99.3166% f1=97.3606% fp=  5177 fn=  4366
timing  trees=5 depth=4 feat=sqrt  nodes=  54 acc=99.3340% f1=97.4512% fp=  6715 fn=  2585
timing  trees=5 depth=4 feat=None  nodes=  75 acc=99.3452% f1=97.5081% fp=  7651 fn=  1492
timing  trees=5 depth=5 feat=sqrt  nodes= 106 acc=99.3857% f1=97.6540% fp=  6738 fn=  1840
timing  trees=5 depth=5 feat=None  nodes= 145 acc=99.4713% f1=97.9724% fp=  5358 fn=  2024
timing  trees=5 depth=6 feat=sqrt  nodes= 190 acc=99.3307% f1=97.4252% fp=  5772 fn=  3573
timing  trees=5 depth=6 feat=None  nodes= 257 acc=99.5315% f1=98.1952% fp=  4132 fn=  2410
timing  trees=5 depth=8 feat=sqrt  nodes= 446 acc=99.4198% f1=97.7826% fp=  6368 fn=  1734
timing  trees=5 depth=8 feat=None  nodes= 637 acc=99.5495% f1=98.2743% fp=  5016 fn=  1274
timing  trees=7 depth=2 feat=sqrt  nodes=  21 acc=99.2652% f1=97.1679% fp=  5894 fn=  4366
timing  trees=7 depth=2 feat=None  nodes=  21 acc=99.2651% f1=97.1676% fp=  5895 fn=  4366
timing  trees=7 depth=3 feat=sqrt  nodes=  43 acc=99.2820% f1=97.2310% fp=  5659 fn=  4366
timing  trees=7 depth=3 feat=None  nodes=  49 acc=99.3166% f1=97.3606% fp=  5177 fn=  4366
timing  trees=7 depth=4 feat=sqrt  nodes=  78 acc=99.3294% f1=97.4236% fp=  6035 fn=  3329
timing  trees=7 depth=4 feat=None  nodes= 105 acc=99.3452% f1=97.5081% fp=  7651 fn=  1492
timing  trees=7 depth=5 feat=sqrt  nodes= 155 acc=99.3680% f1=97.5828% fp=  6588 fn=  2237
timing  trees=7 depth=5 feat=None  nodes= 203 acc=99.4713% f1=97.9724% fp=  5358 fn=  2024
timing  trees=7 depth=6 feat=sqrt  nodes= 274 acc=99.3751% f1=97.5917% fp=  5154 fn=  3572
timing  trees=7 depth=6 feat=None  nodes= 359 acc=99.5298% f1=98.1889% fp=  4155 fn=  2410
timing  trees=7 depth=8 feat=sqrt  nodes= 632 acc=99.4336% f1=97.8264% fp=  5512 fn=  2397
timing  trees=7 depth=8 feat=None  nodes= 889 acc=99.5457% f1=98.2597% fp=  5071 fn=  1273
timing  trees=9 depth=2 feat=sqrt  nodes=  27 acc=99.2752% f1=97.2047% fp=  5708 fn=  4412
timing  trees=9 depth=2 feat=None  nodes=  27 acc=99.2651% f1=97.1676% fp=  5895 fn=  4366
timing  trees=9 depth=3 feat=sqrt  nodes=  57 acc=99.2850% f1=97.2489% fp=  6076 fn=  3908
timing  trees=9 depth=3 feat=None  nodes=  63 acc=99.3166% f1=97.3606% fp=  5177 fn=  4366
timing  trees=9 depth=4 feat=sqrt  nodes= 108 acc=99.3146% f1=97.3599% fp=  5673 fn=  3898
timing  trees=9 depth=4 feat=None  nodes= 135 acc=99.3452% f1=97.5081% fp=  7651 fn=  1492
timing  trees=9 depth=5 feat=sqrt  nodes= 205 acc=99.3355% f1=97.4406% fp=  5541 fn=  3738
timing  trees=9 depth=5 feat=None  nodes= 261 acc=99.4713% f1=97.9724% fp=  5358 fn=  2024
timing  trees=9 depth=6 feat=sqrt  nodes= 364 acc=99.4215% f1=97.7823% fp=  5793 fn=  2285
timing  trees=9 depth=6 feat=None  nodes= 461 acc=99.5298% f1=98.1889% fp=  4155 fn=  2410
timing  trees=9 depth=8 feat=sqrt  nodes= 824 acc=99.4508% f1=97.8905% fp=  5207 fn=  2461
timing  trees=9 depth=8 feat=None  nodes=1147 acc=99.5641% f1=98.3261% fp=  4464 fn=  1622
timing_only trees=1 depth=2 feat=sqrt  nodes=   3 acc=87.0706% f1= 5.2593% fp=  5173 fn=175362
timing_only trees=1 depth=2 feat=None  nodes=   3 acc=99.2651% f1=97.1676% fp=  5895 fn=  4366
timing_only trees=1 depth=3 feat=sqrt  nodes=   7 acc=99.2111% f1=96.9662% fp=  6672 fn=  4343
timing_only trees=1 depth=3 feat=None  nodes=   7 acc=99.2892% f1=97.2578% fp=  5559 fn=  4366
timing_only trees=1 depth=4 feat=sqrt  nodes=  14 acc=99.2043% f1=96.9570% fp=  7735 fn=  3375
timing_only trees=1 depth=4 feat=None  nodes=  14 acc=99.3196% f1=97.3879% fp=  6225 fn=  3275
timing_only trees=1 depth=5 feat=sqrt  nodes=  25 acc=99.2707% f1=97.2016% fp=  6662 fn=  3521
timing_only trees=1 depth=5 feat=None  nodes=  28 acc=99.3721% f1=97.5984% fp=  6554 fn=  2214
timing_only trees=1 depth=6 feat=sqrt  nodes=  41 acc=99.2690% f1=97.1969% fp=  6796 fn=  3411
timing_only trees=1 depth=6 feat=None  nodes=  52 acc=99.3871% f1=97.6552% fp=  6392 fn=  2166
timing_only trees=1 depth=8 feat=sqrt  nodes=  91 acc=99.2696% f1=97.1969% fp=  6649 fn=  3550
timing_only trees=1 depth=8 feat=None  nodes= 112 acc=99.4344% f1=97.8405% fp=  6418 fn=  1479
timing_only trees=3 depth=2 feat=sqrt  nodes=   9 acc=99.2572% f1=97.1381% fp=  6023 fn=  4349
timing_only trees=3 depth=2 feat=None  nodes=   9 acc=99.2651% f1=97.1676% fp=  5895 fn=  4366
timing_only trees=3 depth=3 feat=sqrt  nodes=  21 acc=99.2736% f1=97.1956% fp=  5542 fn=  4601
timing_only trees=3 depth=3 feat=None  nodes=  21 acc=99.2726% f1=97.1955% fp=  5791 fn=  4366
timing_only trees=3 depth=4 feat=sqrt  nodes=  42 acc=99.2726% f1=97.2091% fp=  6669 fn=  3488
timing_only trees=3 depth=4 feat=None  nodes=  44 acc=99.3289% f1=97.4176% fp=  5735 fn=  3635
timing_only trees=3 depth=5 feat=sqrt  nodes=  77 acc=99.2936% f1=97.2765% fp=  5628 fn=  4235
timing_only trees=3 depth=5 feat=None  nodes=  86 acc=99.3991% f1=97.6991% fp=  6166 fn=  2225
timing_only trees=3 depth=6 feat=sqrt  nodes= 130 acc=99.3166% f1=97.3713% fp=  5896 fn=  3646
timing_only trees=3 depth=6 feat=None  nodes= 155 acc=99.4482% f1=97.8931% fp=  6333 fn=  1372
timing_only trees=3 depth=8 feat=sqrt  nodes= 266 acc=99.3266% f1=97.4084% fp=  5742 fn=  3661
timing_only trees=3 depth=8 feat=None  nodes= 340 acc=99.4771% f1=98.0083% fp=  6561 fn=   740
timing_only trees=5 depth=2 feat=sqrt  nodes=  14 acc=99.2580% f1=97.1413% fp=  6011 fn=  4349
timing_only trees=5 depth=2 feat=None  nodes=  15 acc=99.2651% f1=97.1676% fp=  5895 fn=  4366
timing_only trees=5 depth=3 feat=sqrt  nodes=  31 acc=99.2744% f1=97.2017% fp=  5731 fn=  4401
timing_only trees=5 depth=3 feat=None  nodes=  35 acc=99.2892% f1=97.2578% fp=  5559 fn=  4366
timing_only trees=5 depth=4 feat=sqrt  nodes=  58 acc=99.2769% f1=97.2109% fp=  5685 fn=  4412
timing_only trees=5 depth=4 feat=None  nodes=  73 acc=99.3342% f1=97.4426% fp=  6021 fn=  3275
timing_only trees=5 depth=5 feat=sqrt  nodes= 108 acc=99.2853% f1=97.2539% fp=  6331 fn=  3649
timing_only trees=5 depth=5 feat=None  nodes= 143 acc=99.3615% f1=97.5517% fp=  6173 fn=  2743
timing_only trees=5 depth=6 feat=sqrt  nodes= 193 acc=99.3016% f1=97.3155% fp=  6138 fn=  3614
timing_only trees=5 depth=6 feat=None  nodes= 256 acc=99.3976% f1=97.6928% fp=  6113 fn=  2298
timing_only trees=5 depth=8 feat=sqrt  nodes= 412 acc=99.3222% f1=97.3918% fp=  5786 fn=  3678
timing_only trees=5 depth=8 feat=None  nodes= 561 acc=99.4776% f1=98.0081% fp=  6387 fn=   908
timing_only trees=7 depth=2 feat=sqrt  nodes=  20 acc=99.2580% f1=97.1413% fp=  6011 fn=  4349
timing_only trees=7 depth=2 feat=None  nodes=  21 acc=99.2651% f1=97.1676% fp=  5895 fn=  4366
timing_only trees=7 depth=3 feat=sqrt  nodes=  43 acc=99.2778% f1=97.2145% fp=  5679 fn=  4405
timing_only trees=7 depth=3 feat=None  nodes=  49 acc=99.2726% f1=97.1955% fp=  5791 fn=  4366
timing_only trees=7 depth=4 feat=sqrt  nodes=  80 acc=99.2790% f1=97.2186% fp=  5652 fn=  4416
timing_only trees=7 depth=4 feat=None  nodes= 103 acc=99.3342% f1=97.4426% fp=  6021 fn=  3275
timing_only trees=7 depth=5 feat=sqrt  nodes= 154 acc=99.2827% f1=97.2445% fp=  6379 fn=  3637
timing_only trees=7 depth=5 feat=None  nodes= 201 acc=99.3617% f1=97.5525% fp=  6170 fn=  2743
timing_only trees=7 depth=6 feat=sqrt  nodes= 269 acc=99.3078% f1=97.3386% fp=  6034 fn=  3631
timing_only trees=7 depth=6 feat=None  nodes= 357 acc=99.3775% f1=97.6124% fp=  5997 fn=  2695
timing_only trees=7 depth=8 feat=sqrt  nodes= 575 acc=99.3303% f1=97.4239% fp=  5796 fn=  3555
timing_only trees=7 depth=8 feat=None  nodes= 788 acc=99.4764% f1=98.0067% fp=  6673 fn=   638
timing_only trees=9 depth=2 feat=sqrt  nodes=  26 acc=99.2580% f1=97.1413% fp=  6011 fn=  4349
timing_only trees=9 depth=2 feat=None  nodes=  27 acc=99.2651% f1=97.1676% fp=  5895 fn=  4366
timing_only trees=9 depth=3 feat=sqrt  nodes=  57 acc=99.2787% f1=97.2178% fp=  5655 fn=  4416
timing_only trees=9 depth=3 feat=None  nodes=  63 acc=99.2726% f1=97.1955% fp=  5791 fn=  4366
timing_only trees=9 depth=4 feat=sqrt  nodes= 110 acc=99.2784% f1=97.2166% fp=  5664 fn=  4412
timing_only trees=9 depth=4 feat=None  nodes= 132 acc=99.3342% f1=97.4426% fp=  6021 fn=  3275
timing_only trees=9 depth=5 feat=sqrt  nodes= 210 acc=99.2816% f1=97.2397% fp=  6347 fn=  3684
timing_only trees=9 depth=5 feat=None  nodes= 258 acc=99.3616% f1=97.5523% fp=  6171 fn=  2743
timing_only trees=9 depth=6 feat=sqrt  nodes= 356 acc=99.3005% f1=97.3117% fp=  6170 fn=  3597
timing_only trees=9 depth=6 feat=None  nodes= 458 acc=99.3776% f1=97.6127% fp=  5996 fn=  2695
timing_only trees=9 depth=8 feat=sqrt  nodes= 754 acc=99.3277% f1=97.4143% fp=  5837 fn=  3550
timing_only trees=9 depth=8 feat=None  nodes=1009 acc=99.4798% f1=98.0192% fp=  6618 fn=   646
paper   trees=1 depth=2 feat=sqrt  nodes=   3 acc=99.0056% f1=96.1774% fp=  8185 fn=  5700
paper   trees=1 depth=2 feat=None  nodes=   3 acc=99.0056% f1=96.1774% fp=  8185 fn=  5700
paper   trees=1 depth=3 feat=sqrt  nodes=   6 acc=99.0056% f1=96.1774% fp=  8185 fn=  5700
paper   trees=1 depth=3 feat=None  nodes=   6 acc=98.9831% f1=96.1231% fp=  9851 fn=  4348
paper   trees=1 depth=4 feat=sqrt  nodes=  13 acc=98.9525% f1=95.9908% fp=  9357 fn=  5270
paper   trees=1 depth=4 feat=None  nodes=  12 acc=99.0644% f1=96.4302% fp=  9139 fn=  3925
paper   trees=1 depth=5 feat=sqrt  nodes=  25 acc=99.0437% f1=96.3344% fp=  8441 fn=  4912
paper   trees=1 depth=5 feat=None  nodes=  24 acc=99.0640% f1=96.4294% fp=  9182 fn=  3888
paper   trees=1 depth=6 feat=sqrt  nodes=  40 acc=99.1735% f1=96.8275% fp=  7273 fn=  4267
paper   trees=1 depth=6 feat=None  nodes=  42 acc=99.1589% f1=96.7909% fp=  8477 fn=  3267
paper   trees=1 depth=8 feat=sqrt  nodes=  90 acc=99.2657% f1=97.1796% fp=  6520 fn=  3733
paper   trees=1 depth=8 feat=None  nodes=  87 acc=99.2868% f1=97.2805% fp=  7694 fn=  2264
paper   trees=3 depth=2 feat=sqrt  nodes=   9 acc=87.0912% f1= 3.7641% fp=  3400 fn=176848
paper   trees=3 depth=2 feat=None  nodes=   9 acc=99.0056% f1=96.1774% fp=  8185 fn=  5700
paper   trees=3 depth=3 feat=sqrt  nodes=  19 acc=98.0695% f1=92.8612% fp= 21903 fn=  5053
paper   trees=3 depth=3 feat=None  nodes=  18 acc=99.0056% f1=96.1774% fp=  8185 fn=  5700
paper   trees=3 depth=4 feat=sqrt  nodes=  42 acc=98.9573% f1=95.9991% fp=  8868 fn=  5692
paper   trees=3 depth=4 feat=None  nodes=  36 acc=99.0665% f1=96.4374% fp=  9087 fn=  3948
paper   trees=3 depth=5 feat=sqrt  nodes=  72 acc=99.0505% f1=96.3705% fp=  8898 fn=  4360
paper   trees=3 depth=5 feat=None  nodes=  70 acc=99.0669% f1=96.4389% fp=  9074 fn=  3955
paper   trees=3 depth=6 feat=sqrt  nodes= 129 acc=99.1316% f1=96.6730% fp=  7928 fn=  4198
paper   trees=3 depth=6 feat=None  nodes= 125 acc=99.1421% f1=96.7189% fp=  8163 fn=  3816
paper   trees=3 depth=8 feat=sqrt  nodes= 268 acc=99.2549% f1=97.1345% fp=  6370 fn=  4034
paper   trees=3 depth=8 feat=None  nodes= 263 acc=99.3194% f1=97.4006% fp=  7188 fn=  2316
paper   trees=5 depth=2 feat=sqrt  nodes=  15 acc=98.9815% f1=96.0882% fp=  8523 fn=  5699
paper   trees=5 depth=2 feat=None  nodes=  15 acc=99.0056% f1=96.1774% fp=  8185 fn=  5700
paper   trees=5 depth=3 feat=sqrt  nodes=  32 acc=98.0581% f1=92.8418% fp= 22583 fn=  4532
paper   trees=5 depth=3 feat=None  nodes=  30 acc=99.0056% f1=96.1774% fp=  8185 fn=  5700
paper   trees=5 depth=4 feat=sqrt  nodes=  68 acc=99.0294% f1=96.2658% fp=  7859 fn=  5693
paper   trees=5 depth=4 feat=None  nodes=  60 acc=99.0645% f1=96.4322% fp=  9225 fn=  3838
paper   trees=5 depth=5 feat=sqrt  nodes= 126 acc=99.0505% f1=96.3705% fp=  8898 fn=  4360
paper   trees=5 depth=5 feat=None  nodes= 117 acc=99.0663% f1=96.4376% fp=  9142 fn=  3896
paper   trees=5 depth=6 feat=sqrt  nodes= 214 acc=99.1397% f1=96.7030% fp=  7801 fn=  4211
paper   trees=5 depth=6 feat=None  nodes= 206 acc=99.1455% f1=96.7283% fp=  7928 fn=  4003
paper   trees=5 depth=8 feat=sqrt  nodes= 434 acc=99.2811% f1=97.2257% fp=  5554 fn=  4484
paper   trees=5 depth=8 feat=None  nodes= 437 acc=99.3207% f1=97.4028% fp=  6970 fn=  2515
paper   trees=7 depth=2 feat=sqrt  nodes=  21 acc=87.0385% f1= 4.8804% fp=  5254 fn=175730
paper   trees=7 depth=2 feat=None  nodes=  21 acc=99.0056% f1=96.1774% fp=  8185 fn=  5700
paper   trees=7 depth=3 feat=sqrt  nodes=  46 acc=98.0461% f1=92.7970% fp= 22654 fn=  4629
paper   trees=7 depth=3 feat=None  nodes=  42 acc=99.0056% f1=96.1774% fp=  8185 fn=  5700
paper   trees=7 depth=4 feat=sqrt  nodes=  98 acc=99.0115% f1=96.1993% fp=  8100 fn=  5702
paper   trees=7 depth=4 feat=None  nodes=  84 acc=99.0665% f1=96.4374% fp=  9087 fn=  3948
paper   trees=7 depth=5 feat=sqrt  nodes= 172 acc=99.0611% f1=96.4095% fp=  8749 fn=  4361
paper   trees=7 depth=5 feat=None  nodes= 165 acc=99.0704% f1=96.4491% fp=  8887 fn=  4093
paper   trees=7 depth=6 feat=sqrt  nodes= 284 acc=99.1302% f1=96.6721% fp=  8172 fn=  3973
paper   trees=7 depth=6 feat=None  nodes= 292 acc=99.1493% f1=96.7418% fp=  7859 fn=  4020
paper   trees=7 depth=8 feat=sqrt  nodes= 606 acc=99.2589% f1=97.1420% fp=  5834 fn=  4514
paper   trees=7 depth=8 feat=None  nodes= 613 acc=99.3196% f1=97.3991% fp=  7028 fn=  2473
paper   trees=9 depth=2 feat=sqrt  nodes=  27 acc=99.0088% f1=96.1945% fp=  8389 fn=  5451
paper   trees=9 depth=2 feat=None  nodes=  27 acc=99.0056% f1=96.1774% fp=  8185 fn=  5700
paper   trees=9 depth=3 feat=sqrt  nodes=  58 acc=98.0615% f1=92.8497% fp= 22439 fn=  4629
paper   trees=9 depth=3 feat=None  nodes=  54 acc=99.0056% f1=96.1774% fp=  8185 fn=  5700
paper   trees=9 depth=4 feat=sqrt  nodes= 126 acc=99.0046% f1=96.2015% fp=  9528 fn=  4371
paper   trees=9 depth=4 feat=None  nodes= 108 acc=99.0716% f1=96.4486% fp=  8627 fn=  4337
paper   trees=9 depth=5 feat=sqrt  nodes= 217 acc=99.0506% f1=96.3787% fp=  9285 fn=  3971
paper   trees=9 depth=5 feat=None  nodes= 212 acc=99.0705% f1=96.4488% fp=  8860 fn=  4119
paper   trees=9 depth=6 feat=sqrt  nodes= 354 acc=99.1428% f1=96.7173% fp=  7918 fn=  4051
paper   trees=9 depth=6 feat=None  nodes= 376 acc=99.1491% f1=96.7412% fp=  7861 fn=  4020
paper   trees=9 depth=8 feat=sqrt  nodes= 764 acc=99.2767% f1=97.2129% fp=  5867 fn=  4233
paper   trees=9 depth=8 feat=None  nodes= 796 acc=99.3214% f1=97.4072% fp=  7099 fn=  2377

wrote results/stealth/sweep.csv  (180 configurations)

smallest configuration reaching each accuracy target:
  >=  98.0000%  timing  trees=1 depth=2 nodes=   3 acc=99.2045% fp=8853 fn=2254
  >=  99.0000%  timing  trees=1 depth=2 nodes=   3 acc=99.2045% fp=8853 fn=2254
  >=  99.5000%  timing  trees=1 depth=6 nodes=  52 acc=99.5200% fp=4138 fn=2564
  >=  99.9000%  none
  >=  99.9900%  none
  >= 100.0000%  none
STEALTH_DONE
